<html>
<body>
<pre>
<h1>礦ision Build Log</h1>
<h2>Project:</h2>
F:\刘总系统自动追时\软硬件\主板软件V2.0\tz_kernel_use107_25M_v2.2.0_B\APP\STM32_ucgui.uvproj
Project File Date:  12/07/2023

<h2>Output:</h2>
Build target 'uCOSII+STM32_V3_4'
linking...
Program Size: Code=26688 RO-data=784 RW-data=1088 ZI-data=19832  
FromELF: creating hex file...
"..\ObjFlash\uCOSII+STM32_V3_4.axf" - 0 Errors, 0 Warning(s).
Load "..\\ObjFlash\\uCOSII+STM32_V3_4.axf" 
Set JLink Project File to "F:\刘总系统自动追时\软硬件\主板软件V2.0\tz_kernel_use107_25M_v2.2.0_B\APP\JLinkSettings.ini"
* JLink Info: Device "STM32F107VC" selected (256 KB flash, 64 KB RAM).
 
JLink info:
------------
DLL: V4.68a, compiled Apr 12 2013 13:26:50
Firmware: J-Link V9 compiled Dec 13 2019 11:14:50
Hardware: V9.60
S/N : 63600530 
Feature(s) : RDI, GDB, FlashDL, FlashBP, JFlash 
 
* JLink Info: Found SWD-DP with ID 0x1BA01477
* JLink Info: Found SWD-DP with ID 0x1BA01477
* JLink Info: TPIU fitted.
* JLink Info: ETM fitted.
* JLink Info: FPUnit: 6 code (BP) slots and 2 literal slots
* JLink Info: Found Cortex-M3 r1p1, Little endian.
ROMTableAddr = 0xE00FF003
 
Target info:
------------
Device: STM32F107VC
VTarget = 3.325V
State of Pins: 
TCK: 0, TDI: 0, TDO: 0, TMS: 1, TRES: 1, TRST: 1
Hardware-Breakpoints: 6
Software-Breakpoints: 8192
Watchpoints:          4
JTAG speed: 6000 kHz
 
Erase Done.
Programming Done.
Verify OK.
Build target 'uCOSII+STM32_V3_4'
linking...
Program Size: Code=26688 RO-data=784 RW-data=1088 ZI-data=19832  
FromELF: creating hex file...
"..\ObjFlash\uCOSII+STM32_V3_4.axf" - 0 Errors, 0 Warning(s).
Build target 'uCOSII+STM32_V3_4'
compiling app.c...
compiling stm32f10x_it.c...
compiling key.c...
linking...
Program Size: Code=26716 RO-data=784 RW-data=1088 ZI-data=19832  
FromELF: creating hex file...
"..\ObjFlash\uCOSII+STM32_V3_4.axf" - 0 Errors, 0 Warning(s).
Build target 'uCOSII+STM32_V3_4'
compiling key.c...
linking...
Program Size: Code=26720 RO-data=784 RW-data=1088 ZI-data=19832  
FromELF: creating hex file...
"..\ObjFlash\uCOSII+STM32_V3_4.axf" - 0 Errors, 0 Warning(s).
Build target 'uCOSII+STM32_V3_4'
compiling app.c...
linking...
Program Size: Code=26720 RO-data=784 RW-data=1088 ZI-data=19832  
FromELF: creating hex file...
"..\ObjFlash\uCOSII+STM32_V3_4.axf" - 0 Errors, 0 Warning(s).
Load "..\\ObjFlash\\uCOSII+STM32_V3_4.axf" 
Set JLink Project File to "F:\刘总系统自动追时\软硬件\主板软件V2.0\tz_kernel_use107_25M_v2.2.0_B\APP\JLinkSettings.ini"
* JLink Info: Device "STM32F107VC" selected (256 KB flash, 64 KB RAM).
 
JLink info:
------------
DLL: V4.68a, compiled Apr 12 2013 13:26:50
Firmware: J-Link V9 compiled Dec 13 2019 11:14:50
Hardware: V9.60
S/N : 63600530 
Feature(s) : RDI, GDB, FlashDL, FlashBP, JFlash 
 
* JLink Info: Found SWD-DP with ID 0x1BA01477
* JLink Info: Found SWD-DP with ID 0x1BA01477
* JLink Info: TPIU fitted.
* JLink Info: ETM fitted.
* JLink Info: FPUnit: 6 code (BP) slots and 2 literal slots
* JLink Info: Found Cortex-M3 r1p1, Little endian.
ROMTableAddr = 0xE00FF003
 
Target info:
------------
Device: STM32F107VC
VTarget = 3.332V
State of Pins: 
TCK: 0, TDI: 0, TDO: 0, TMS: 1, TRES: 1, TRST: 1
Hardware-Breakpoints: 6
Software-Breakpoints: 8192
Watchpoints:          4
JTAG speed: 6000 kHz
 
Erase Done.
Programming Done.
Verify OK.
Build target 'uCOSII+STM32_V3_4'
compiling app.c...
compiling motodrive.c...
linking...
Program Size: Code=26636 RO-data=784 RW-data=1088 ZI-data=19832  
FromELF: creating hex file...
"..\ObjFlash\uCOSII+STM32_V3_4.axf" - 0 Errors, 0 Warning(s).
Load "..\\ObjFlash\\uCOSII+STM32_V3_4.axf" 
Set JLink Project File to "F:\刘总系统自动追时\软硬件\主板软件V2.0\tz_kernel_use107_25M_v2.2.0_B\APP\JLinkSettings.ini"
* JLink Info: Device "STM32F107VC" selected (256 KB flash, 64 KB RAM).
 
JLink info:
------------
DLL: V4.68a, compiled Apr 12 2013 13:26:50
Firmware: J-Link V9 compiled Dec 13 2019 11:14:50
Hardware: V9.60
S/N : 63600530 
Feature(s) : RDI, GDB, FlashDL, FlashBP, JFlash 
 
* JLink Info: Found SWD-DP with ID 0x1BA01477
* JLink Info: Found SWD-DP with ID 0x1BA01477
* JLink Info: TPIU fitted.
* JLink Info: ETM fitted.
* JLink Info: FPUnit: 6 code (BP) slots and 2 literal slots
* JLink Info: Found Cortex-M3 r1p1, Little endian.
ROMTableAddr = 0xE00FF003
 
Target info:
------------
Device: STM32F107VC
VTarget = 3.346V
State of Pins: 
TCK: 0, TDI: 0, TDO: 0, TMS: 1, TRES: 1, TRST: 1
Hardware-Breakpoints: 6
Software-Breakpoints: 8192
Watchpoints:          4
JTAG speed: 6000 kHz
 
Erase Done.
Programming Done.
Verify OK.
Build target 'uCOSII+STM32_V3_4'
compiling app.c...
linking...
Program Size: Code=26704 RO-data=784 RW-data=1088 ZI-data=19832  
FromELF: creating hex file...
"..\ObjFlash\uCOSII+STM32_V3_4.axf" - 0 Errors, 0 Warning(s).
Load "..\\ObjFlash\\uCOSII+STM32_V3_4.axf" 
Set JLink Project File to "F:\刘总系统自动追时\软硬件\主板软件V2.0\tz_kernel_use107_25M_v2.2.0_B\APP\JLinkSettings.ini"
* JLink Info: Device "STM32F107VC" selected (256 KB flash, 64 KB RAM).
 
JLink info:
------------
DLL: V4.68a, compiled Apr 12 2013 13:26:50
Firmware: J-Link V9 compiled Dec 13 2019 11:14:50
Hardware: V9.60
S/N : 63600530 
Feature(s) : RDI, GDB, FlashDL, FlashBP, JFlash 
 
* JLink Info: STM32F1xxx: Can not attach to CPU. Trying connect under reset.
Load "..\\ObjFlash\\uCOSII+STM32_V3_4.axf" 
Set JLink Project File to "F:\刘总系统自动追时\软硬件\主板软件V2.0\tz_kernel_use107_25M_v2.2.0_B\APP\JLinkSettings.ini"
* JLink Info: Device "STM32F107VC" selected (256 KB flash, 64 KB RAM).
 
JLink info:
------------
DLL: V4.68a, compiled Apr 12 2013 13:26:50
Firmware: J-Link V9 compiled Dec 13 2019 11:14:50
Hardware: V9.60
S/N : 63600530 
Feature(s) : RDI, GDB, FlashDL, FlashBP, JFlash 
 
* JLink Info: Found SWD-DP with ID 0x1BA01477
* JLink Info: Found SWD-DP with ID 0x1BA01477
* JLink Info: TPIU fitted.
* JLink Info: ETM fitted.
* JLink Info: FPUnit: 6 code (BP) slots and 2 literal slots
* JLink Info: Found Cortex-M3 r1p1, Little endian.
ROMTableAddr = 0xE00FF003
 
Target info:
------------
Device: STM32F107VC
VTarget = 3.330V
State of Pins: 
TCK: 0, TDI: 0, TDO: 0, TMS: 1, TRES: 1, TRST: 1
Hardware-Breakpoints: 6
Software-Breakpoints: 8192
Watchpoints:          4
JTAG speed: 6000 kHz
 
Erase Done.
Programming Done.
Verify OK.
Build target 'uCOSII+STM32_V3_4'
compiling app.c...
linking...
Program Size: Code=26636 RO-data=784 RW-data=1088 ZI-data=19832  
FromELF: creating hex file...
"..\ObjFlash\uCOSII+STM32_V3_4.axf" - 0 Errors, 0 Warning(s).
Load "..\\ObjFlash\\uCOSII+STM32_V3_4.axf" 
Set JLink Project File to "F:\刘总系统自动追时\软硬件\主板软件V2.0\tz_kernel_use107_25M_v2.2.0_B\APP\JLinkSettings.ini"
* JLink Info: Device "STM32F107VC" selected (256 KB flash, 64 KB RAM).
 
JLink info:
------------
DLL: V4.68a, compiled Apr 12 2013 13:26:50
Firmware: J-Link V9 compiled Dec 13 2019 11:14:50
Hardware: V9.60
S/N : 63600530 
Feature(s) : RDI, GDB, FlashDL, FlashBP, JFlash 
 
* JLink Info: Found SWD-DP with ID 0x1BA01477
* JLink Info: Found SWD-DP with ID 0x1BA01477
* JLink Info: TPIU fitted.
* JLink Info: ETM fitted.
* JLink Info: FPUnit: 6 code (BP) slots and 2 literal slots
* JLink Info: Found Cortex-M3 r1p1, Little endian.
ROMTableAddr = 0xE00FF003
 
Target info:
------------
Device: STM32F107VC
VTarget = 3.333V
State of Pins: 
TCK: 0, TDI: 0, TDO: 0, TMS: 1, TRES: 1, TRST: 1
Hardware-Breakpoints: 6
Software-Breakpoints: 8192
Watchpoints:          4
JTAG speed: 6000 kHz
 
Erase Done.
Programming Done.
Verify OK.
