<html>
<body>
<pre>
<h1>礦ision Build Log</h1>
<h2>Project:</h2>
F:\cjbc_qt\ok\master\software\刘工系统自动追时\塔钟信号板及报时板V2.0\tz_kernel_use107_25M_v2.2.0\APP\STM32_ucgui.uvproj
Project File Date:  12/07/2023

<h2>Output:</h2>
Build target 'uCOSII+STM32_V3_4'
linking...
Program Size: Code=26688 RO-data=784 RW-data=1088 ZI-data=19832  
FromELF: creating hex file...
"..\ObjFlash\uCOSII+STM32_V3_4.axf" - 0 Error(s), 0 Warning(s).
</pre>
</body>
</html>
ror(s), 0 Warning(s).
..
"..\ObjFlash\uCOSII+STM32_V3_4.axf" - 0 Error(s), 0 Warning(s).
ecifier
                                write_hd7279(BLINKCTL,0xff);
key.c(754): error:  #79: expected a type specifier
                                write_hd7279(BLINKCTL,0xff);
key.c: 0 warnings, 4 errors
"..\ObjFlash\uCOSII+STM32_V3_4.axf" - 4 Error(s), 0 Warning(s).
Target not created
 - 3 Error(s), 0 Warning(s).
Target not created
c...
compiling stm32f10x_gpio.c...
compiling stm32f10x_i2c.c...
compiling stm32f10x_iwdg.c...
compiling stm32f10x_pwr.c...
compiling stm32f10x_rcc.c...
compiling stm32f10x_rtc.c...
compiling stm32f10x_sdio.c...
compiling stm32f10x_spi.c...
compiling stm32f10x_tim.c...
compiling stm32f10x_usart.c...
compiling stm32f10x_wwdg.c...
compiling os_cpu_c.c...
compiling os_dbg.c...
assembling os_cpu_a.asm...
compiling os_core.c...
compiling os_flag.c...
compiling os_mbox.c...
compiling os_mem.c...
compiling os_mutex.c...
compiling os_q.c...
compiling os_sem.c...
compiling os_task.c...
compiling os_time.c...
compiling os_tmr.c...
compiling USART1.c...
compiling USART2.c...
compiling HD7279.c...
compiling ds3231.c...
compiling iic_sw.c...
compiling uart.c...
compiling 24cxx.c...
compiling myiic.c...
compiling key.c...
compiling ff.c...
compiling diskio.c...
compiling cc936.c...
assembling startup_stm32f10x_cl.s...
compiling system_stm32f10x.c...
linking...
Program Size: Code=27224 RO-data=784 RW-data=1084 ZI-data=19828  
FromELF: creating hex file...
"..\ObjFlash\uCOSII+STM32_V3_4.axf" - 0 Error(s), 0 Warning(s).
