ARM Linker, 5.03 [Build 76] [MDK-ARM Standard]

==============================================================================

Section Cross References

    app.o(i.AppTask1) refers to rt_memcpy_w.o(.text) for __aeabi_memcpy4
    app.o(i.AppTask1) refers to os_cpu_a.o(.text) for OS_CPU_SR_Save
    app.o(i.AppTask1) refers to os_sem.o(i.OSSemCreate) for OSSemCreate
    app.o(i.AppTask1) refers to os_mutex.o(i.OSMutexCreate) for OSMutexCreate
    app.o(i.AppTask1) refers to app.o(i.GPIO_Motor_Config) for GPIO_Motor_Config
    app.o(i.AppTask1) refers to app.o(i.GPIO_I2C_Config) for GPIO_I2C_Config
    app.o(i.AppTask1) refers to app.o(i.LedPortSpecialInit) for LedPortSpecialInit
    app.o(i.AppTask1) refers to app.o(i.LedBsZm_Init) for LedBsZm_Init
    app.o(i.AppTask1) refers to app.o(i.Mp3Drive_Init) for Mp3Drive_Init
    app.o(i.AppTask1) refers to hd7279.o(i.Hd7279_Init) for Hd7279_Init
    app.o(i.AppTask1) refers to bsp.o(i.TIM1_Config) for TIM1_Config
    app.o(i.AppTask1) refers to app.o(i.N31_pps_init) for N31_pps_init
    app.o(i.AppTask1) refers to usart1.o(i.USART1_Init) for USART1_Init
    app.o(i.AppTask1) refers to app.o(i.GPIO_Key_Config) for GPIO_Key_Config
    app.o(i.AppTask1) refers to usart2.o(i.USART2_Init) for USART2_Init
    app.o(i.AppTask1) refers to stm32f10x_usart.o(i.USART_ClearFlag) for USART_ClearFlag
    app.o(i.AppTask1) refers to os_time.o(i.OSTimeDlyHMSM) for OSTimeDlyHMSM
    app.o(i.AppTask1) refers to app.o(.data) for PowerOnFLag
    app.o(i.AppTask2) refers to os_time.o(i.OSTimeDlyHMSM) for OSTimeDlyHMSM
    app.o(i.AppTask3) refers to os_time.o(i.OSTimeDlyHMSM) for OSTimeDlyHMSM
    app.o(i.AppTask4) refers to pps.o(i.set_pps1_sig) for set_pps1_sig
    app.o(i.AppTask4) refers to gps.o(i.gps_bd2_ascii) for gps_bd2_ascii
    app.o(i.AppTask4) refers to rt_memclr.o(.text) for __aeabi_memclr
    app.o(i.AppTask4) refers to gps.o(i.do_gps) for do_gps
    app.o(i.AppTask4) refers to os_cpu_a.o(.text) for OS_CPU_SR_Save
    app.o(i.AppTask4) refers to ds3231.o(i.ds3231_tm_wr) for ds3231_tm_wr
    app.o(i.AppTask4) refers to strcpy.o(.text) for strcpy
    app.o(i.AppTask4) refers to os_time.o(i.OSTimeDlyHMSM) for OSTimeDlyHMSM
    app.o(i.AppTask4) refers to uart.o(.data) for uart1_rx_sig
    app.o(i.AppTask4) refers to gps.o(.bss) for board
    app.o(i.AppTask4) refers to usart1.o(.bss) for receive_data
    app.o(i.AppTask4) refers to uart.o(.bss) for Uart1_Rx_Buf
    app.o(i.AppTask4) refers to app.o(.data) for pps1_status
    app.o(i.AppTask4) refers to gps.o(.data) for header
    app.o(i.AppTask5) refers to stm32f10x_gpio.o(i.GPIO_ResetBits) for GPIO_ResetBits
    app.o(i.AppTask5) refers to hd7279.o(i.Display) for Display
    app.o(i.AppTask5) refers to stm32f10x_gpio.o(i.GPIO_SetBits) for GPIO_SetBits
    app.o(i.AppTask5) refers to os_cpu_a.o(.text) for OS_CPU_SR_Save
    app.o(i.AppTask5) refers to ds3231.o(i.get_time) for get_time
    app.o(i.AppTask5) refers to iic_sw.o(i.get_iic_setting) for get_iic_setting
    app.o(i.AppTask5) refers to app.o(i.Light_Control) for Light_Control
    app.o(i.AppTask5) refers to app.o(i.Time_Notice) for Time_Notice
    app.o(i.AppTask5) refers to key.o(i.Key_Operation) for Key_Operation
    app.o(i.AppTask5) refers to os_time.o(i.OSTimeDlyHMSM) for OSTimeDlyHMSM
    app.o(i.AppTask5) refers to stm32f10x_it.o(.data) for ItWaitFlag
    app.o(i.AppTask5) refers to app.o(.data) for TimeDisValidFlag
    app.o(i.AppTask6) refers to os_time.o(i.OSTimeDlyHMSM) for OSTimeDlyHMSM
    app.o(i.AppTask7) refers to app.o(i.EnterEastNormalRun) for EnterEastNormalRun
    app.o(i.AppTask7) refers to os_time.o(i.OSTimeDlyHMSM) for OSTimeDlyHMSM
    app.o(i.AppTask7) refers to app.o(.data) for MotorActFlag
    app.o(i.AppTask8) refers to motodrive.o(i.compare_zf) for compare_zf
    app.o(i.AppTask8) refers to os_cpu_a.o(.text) for OS_CPU_SR_Save
    app.o(i.AppTask8) refers to iic_sw.o(i.iic_sw_write) for iic_sw_write
    app.o(i.AppTask8) refers to sd_driver.o(i.DelayMs) for DelayMs
    app.o(i.AppTask8) refers to iic_sw.o(i.iic_sw_read) for iic_sw_read
    app.o(i.AppTask8) refers to ds3231.o(i.get_time) for get_time
    app.o(i.AppTask8) refers to os_time.o(i.OSTimeDlyHMSM) for OSTimeDlyHMSM
    app.o(i.AppTask8) refers to app.o(.data) for first_flag
    app.o(i.AppTask8) refers to key.o(.data) for Key_Subclock_State1
    app.o(i.App_TaskStart) refers to os_cpu_a.o(.text) for OS_CPU_SR_Save
    app.o(i.App_TaskStart) refers to os_task.o(i.OSTaskCreateExt) for OSTaskCreateExt
    app.o(i.App_TaskStart) refers to os_task.o(i.OSTaskDel) for OSTaskDel
    app.o(i.App_TaskStart) refers to app.o(.bss) for AppTask1Stk
    app.o(i.App_TaskStart) refers to app.o(i.AppTask1) for AppTask1
    app.o(i.App_TaskStart) refers to app.o(i.AppTask2) for AppTask2
    app.o(i.App_TaskStart) refers to app.o(i.AppTask3) for AppTask3
    app.o(i.App_TaskStart) refers to app.o(i.AppTask4) for AppTask4
    app.o(i.App_TaskStart) refers to app.o(i.AppTask5) for AppTask5
[...]
    jsrun                                    0x2000015a   Data           2  stm32f10x_it.o(.data)
    jsrun2                                   0x2000015c   Data           2  stm32f10x_it.o(.data)
    js_count                                 0x2000015e   Data           2  stm32f10x_it.o(.data)
    previous_actflag                         0x20000160   Data           1  stm32f10x_it.o(.data)
    once_act_flag                            0x20000161   Data           1  stm32f10x_it.o(.data)
    once_js_rseg                             0x20000162   Data           2  stm32f10x_it.o(.data)
    js_count                                 0x20000164   Data           2  stm32f10x_it.o(.data)
    jsrun                                    0x20000166   Data           2  stm32f10x_it.o(.data)
    flag                                     0x20000168   Data           1  stm32f10x_it.o(.data)
    count                                    0x20000169   Data           1  stm32f10x_it.o(.data)
    count                                    0x2000016a   Data           1  stm32f10x_it.o(.data)
    rxdjstemp                                0x2000016b   Data           1  stm32f10x_it.o(.data)
    temp1                                    0x2000016c   Data           1  stm32f10x_it.o(.data)
    temp2                                    0x2000016d   Data           1  stm32f10x_it.o(.data)
    temp3                                    0x2000016e   Data           1  stm32f10x_it.o(.data)
    temp4                                    0x2000016f   Data           1  stm32f10x_it.o(.data)
    temp                                     0x20000170   Data           1  stm32f10x_it.o(.data)
    count                                    0x20000171   Data           1  stm32f10x_it.o(.data)
    .data                                    0x2000018e   Section       63  motodrive.o(.data)
    flag                                     0x200001ca   Data           1  motodrive.o(.data)
    .data                                    0x200001d0   Section      124  time.o(.data)
    month_days                               0x2000021c   Data          48  time.o(.data)
    .data                                    0x2000024c   Section      176  gps.o(.data)
    sw_s                                     0x200002e4   Data           2  gps.o(.data)
    flag                                     0x200002e6   Data           1  gps.o(.data)
    .data                                    0x200002fc   Section        1  pps.o(.data)
    _pps_status                              0x200002fc   Data           1  pps.o(.data)
    .data                                    0x200002fe   Section       72  mp3.o(.data)
    .data                                    0x20000346   Section       20  stm32f10x_rcc.o(.data)
    APBAHBPrescTable                         0x20000346   Data          16  stm32f10x_rcc.o(.data)
    ADCPrescTable                            0x20000356   Data           4  stm32f10x_rcc.o(.data)
    .data                                    0x2000035c   Section       61  os_core.o(.data)
    .data                                    0x2000039c   Section       12  usart2.o(.data)
    .data                                    0x200003a8   Section       16  hd7279.o(.data)
    .data                                    0x200003b8   Section       93  uart.o(.data)
    Uart1_Rx_Idle                            0x200003c2   Data           1  uart.o(.data)
    Uart1_Rx_Cnt                             0x200003c4   Data           2  uart.o(.data)
    Uart2_Rx_Idle                            0x200003d0   Data           1  uart.o(.data)
    Uart2_Rx_Cnt                             0x200003d2   Data           2  uart.o(.data)
    Uart3_Rx_Idle                            0x200003e2   Data           1  uart.o(.data)
    Uart3_Rx_Cnt                             0x200003e4   Data           2  uart.o(.data)
    Uart4_Rx_Idle                            0x200003f2   Data           1  uart.o(.data)
    Uart4_Rx_Cnt                             0x200003f4   Data           2  uart.o(.data)
    Uart5_Rx_Idle                            0x20000404   Data           1  uart.o(.data)
    Uart5_Rx_Cnt                             0x20000406   Data           2  uart.o(.data)
    cnt                                      0x20000409   Data           1  uart.o(.data)
    .data                                    0x20000415   Section       41  key.o(.data)
    circle                                   0x20000435   Data           1  key.o(.data)
    .bss                                     0x20000440   Section    10072  app.o(.bss)
    vs1003status                             0x20000440   Data          10  app.o(.bss)
    App_TaskStartStk                         0x2000068c   Data        1024  app.o(.bss)
    AppTask1Stk                              0x20000a8c   Data        1024  app.o(.bss)
    AppTask2Stk                              0x20000e8c   Data        1024  app.o(.bss)
    AppTask3Stk                              0x2000128c   Data        1024  app.o(.bss)
    AppTask4Stk                              0x2000168c   Data        1024  app.o(.bss)
    AppTask5Stk                              0x20001a8c   Data        1024  app.o(.bss)
    AppTask6Stk                              0x20001e8c   Data        1024  app.o(.bss)
    AppTask7Stk                              0x2000228c   Data        1024  app.o(.bss)
    AppTask8Stk                              0x2000268c   Data        1024  app.o(.bss)
    CopyData                                 0x20002a98   Data          40  app.o(.bss)
    .bss                                     0x20002b98   Section      176  gps.o(.bss)
    .bss                                     0x20002c48   Section     4304  os_core.o(.bss)
    .bss                                     0x20003d18   Section      176  usart1.o(.bss)
    .bss                                     0x20003dc8   Section       10  usart2.o(.bss)
    .bss                                     0x20003dd2   Section     1922  uart.o(.bss)
    .bss                                     0x20004554   Section       96  libspace.o(.bss)
    HEAP                                     0x200045b8   Section     1024  startup_stm32f10x_cl.o(HEAP)
    Heap_Mem                                 0x200045b8   Data        1024  startup_stm32f10x_cl.o(HEAP)
    STACK                                    0x200049b8   Section     2048  startup_stm32f10x_cl.o(STACK)
    Stack_Mem                                0x200049b8   Data        2048  startup_stm32f10x_cl.o(STACK)
    __initial_sp                             0x200051b8   Data           0  startup_stm32f10x_cl.o(STACK)

    Global Symbols

    Symbol Name                              Value     Ov Type        Size  Object(Section)

    BuildAttributes$$THM_ISAv4$P$D$K$B$S$PE$A:L22UL41UL21$X:L11$S22US41US21$IEEE1$IW$USESV6$~STKCKD$USESV7$~SHL$OTIME$ROPI$EBA8$UX$STANDARDLIB$REQ8$PRES8$EABIv2 0x00000000   Number         0  anon$$obj.o ABSOLUTE
    __ARM_use_no_argv                        0x00000000   Number         0  app.o ABSOLUTE
    __ARM_exceptions_init                     - Undefined Weak Reference
    __alloca_initialize                       - Undefined Weak Reference
    __cpp_initialize__aeabi_                  - Undefined Weak Reference
    __cxa_finalize                            - Undefined Weak Reference
    __rt_locale                               - Undefined Weak Reference
    __sigvec_lookup                           - Undefined Weak Reference
    __user_heap_extent                        - Undefined Weak Reference
    _atexit_init                              - Undefined Weak Reference
    _call_atexit_fns                          - Undefined Weak Reference
    _clock_init                               - Undefined Weak Reference
    _fp_trap_init                             - Undefined Weak Reference
    _fp_trap_shutdown                         - Undefined Weak Reference
    _get_lc_collate                           - Undefined Weak Reference
    _get_lc_ctype                             - Undefined Weak Reference
    _get_lc_monetary                          - Undefined Weak Reference
    _get_lc_numeric                           - Undefined Weak Reference
    _get_lc_time                              - Undefined Weak Reference
    _getenv_init                              - Undefined Weak Reference
    _handle_redirection                       - Undefined Weak Reference
    _initio                                   - Undefined Weak Reference
    _mutex_acquire                            - Undefined Weak Reference
    _mutex_free                               - Undefined Weak Reference
    _mutex_release                            - Undefined Weak Reference
    _printf_post_padding                      - Undefined Weak Reference
    _printf_pre_padding                       - Undefined Weak Reference
    _printf_truncate_signed                   - Undefined Weak Reference
    _printf_truncate_unsigned                 - Undefined Weak Reference
    _rand_init                                - Undefined Weak Reference
    _signal_finish                            - Undefined Weak Reference
    _signal_init                              - Undefined Weak Reference
    _terminateio                              - Undefined Weak Reference
    __Vectors_Size                           0x00000150   Number         0  startup_stm32f10x_cl.o ABSOLUTE
    __Vectors                                0x08000000   Data           4  startup_stm32f10x_cl.o(RESET)
    __Vectors_End                            0x08000150   Data           0  startup_stm32f10x_cl.o(RESET)
    __main                                   0x08000151   Thumb Code     8  __main.o(!!!main)
    __scatterload                            0x08000159   Thumb Code     0  __scatter.o(!!!scatter)
    __scatterload_rt2                        0x08000159   Thumb Code    44  __scatter.o(!!!scatter)
    __scatterload_rt2_thumb_only             0x08000159   Thumb Code     0  __scatter.o(!!!scatter)
    __scatterload_null                       0x08000167   Thumb Code     0  __scatter.o(!!!scatter)
    __decompress                             0x0800018d   Thumb Code    90  __dczerorl2.o(!!dczerorl2)
    __decompress1                            0x0800018d   Thumb Code     0  __dczerorl2.o(!!dczerorl2)
    __scatterload_zeroinit                   0x080001e9   Thumb Code    28  __scatter_zi.o(!!handler_zi)
    __rt_lib_init                            0x08000205   Thumb Code     0  libinit.o(.ARM.Collect$$libinit$$00000000)
    __rt_lib_init_alloca_1                   0x08000207   Thumb Code     0  libinit2.o(.ARM.Collect$$libinit$$0000002C)
    __rt_lib_init_argv_1                     0x08000207   Thumb Code     0  libinit2.o(.ARM.Collect$$libinit$$0000002A)
    __rt_lib_init_atexit_1                   0x08000207   Thumb Code     0  libinit2.o(.ARM.Collect$$libinit$$00000019)
    __rt_lib_init_clock_1                    0x08000207   Thumb Code     0  libinit2.o(.ARM.Collect$$libinit$$0000001F)
    __rt_lib_init_cpp_1                      0x08000207   Thumb Code     0  libinit2.o(.ARM.Collect$$libinit$$00000030)
    __rt_lib_init_exceptions_1               0x08000207   Thumb Code     0  libinit2.o(.ARM.Collect$$libinit$$0000002E)
    __rt_lib_init_fp_1                       0x08000207   Thumb Code     0  libinit2.o(.ARM.Collect$$libinit$$00000002)
    __rt_lib_init_fp_trap_1                  0x08000207   Thumb Code     0  libinit2.o(.ARM.Collect$$libinit$$0000001D)
    __rt_lib_init_getenv_1                   0x08000207   Thumb Code     0  libinit2.o(.ARM.Collect$$libinit$$00000021)
    __rt_lib_init_heap_1                     0x08000207   Thumb Code     0  libinit2.o(.ARM.Collect$$libinit$$00000008)
    __rt_lib_init_lc_collate_1               0x08000207   Thumb Code     0  libinit2.o(.ARM.Collect$$libinit$$0000000F)
    __rt_lib_init_lc_ctype_1                 0x08000207   Thumb Code     0  libinit2.o(.ARM.Collect$$libinit$$00000011)
    __rt_lib_init_lc_monetary_1              0x08000207   Thumb Code     0  libinit2.o(.ARM.Collect$$libinit$$00000013)
    __rt_lib_init_lc_numeric_1               0x08000207   Thumb Code     0  libinit2.o(.ARM.Collect$$libinit$$00000015)
    __rt_lib_init_lc_time_1                  0x08000207   Thumb Code     0  libinit2.o(.ARM.Collect$$libinit$$00000017)
    __rt_lib_init_rand_1                     0x08000207   Thumb Code     0  libinit2.o(.ARM.Collect$$libinit$$0000000C)
    __rt_lib_init_return                     0x08000207   Thumb Code     0  libinit2.o(.ARM.Collect$$libinit$$00000031)
    __rt_lib_init_signal_1                   0x08000207   Thumb Code     0  libinit2.o(.ARM.Collect$$libinit$$0000001B)
    __rt_lib_init_stdio_1                    0x08000207   Thumb Code     0  libinit2.o(.ARM.Collect$$libinit$$00000023)
    __rt_lib_init_user_alloc_1               0x08000207   Thumb Code     0  libinit2.o(.ARM.Collect$$libinit$$0000000A)
    __rt_lib_shutdown                        0x08000209   Thumb Code     0  libshutdown.o(.ARM.Collect$$libshutdown$$00000000)
    __rt_lib_shutdown_fp_trap_1              0x0800020b   Thumb Code     0  libshutdown2.o(.ARM.Collect$$libshutdown$$00000006)
    __rt_lib_shutdown_heap_1                 0x0800020b   Thumb Code     0  libshutdown2.o(.ARM.Collect$$libshutdown$$0000000E)
    __rt_lib_shutdown_return                 0x0800020b   Thumb Code     0  libshutdown2.o(.ARM.Collect$$libshutdown$$0000000F)
    __rt_lib_shutdown_signal_1               0x0800020b   Thumb Code     0  libshutdown2.o(.ARM.Collect$$libshutdown$$00000009)
    __rt_lib_shutdown_stdio_1                0x0800020b   Thumb Code     0  libshutdown2.o(.ARM.Collect$$libshutdown$$00000003)
    __rt_lib_shutdown_user_alloc_1           0x0800020b   Thumb Code     0  libshutdown2.o(.ARM.Collect$$libshutdown$$0000000B)
    __rt_entry                               0x0800020d   Thumb Code     0  rtentry.o(.ARM.Collect$$rtentry$$00000000)
    __rt_entry_presh_1                       0x0800020d   Thumb Code     0  rtentry2.o(.ARM.Collect$$rtentry$$00000002)
    __rt_entry_sh                            0x0800020d   Thumb Code     0  rtentry4.o(.ARM.Collect$$rtentry$$00000004)
    __rt_entry_li                            0x08000213   Thumb Code     0  rtentry2.o(.ARM.Collect$$rtentry$$0000000A)
    __rt_entry_postsh_1                      0x08000213   Thumb Code     0  rtentry2.o(.ARM.Collect$$rtentry$$00000009)
    __rt_entry_main                          0x08000217   Thumb Code     0  rtentry2.o(.ARM.Collect$$rtentry$$0000000D)
    __rt_entry_postli_1                      0x08000217   Thumb Code     0  rtentry2.o(.ARM.Collect$$rtentry$$0000000C)
    __rt_exit                                0x0800021f   Thumb Code     0  rtexit.o(.ARM.Collect$$rtexit$$00000000)
    __rt_exit_ls                             0x08000221   Thumb Code     0  rtexit2.o(.ARM.Collect$$rtexit$$00000003)
    __rt_exit_prels_1                        0x08000221   Thumb Code     0  rtexit2.o(.ARM.Collect$$rtexit$$00000002)
    __rt_exit_exit                           0x08000225   Thumb Code     0  rtexit2.o(.ARM.Collect$$rtexit$$00000004)
    OS_CPU_SR_Save                           0x0800022d   Thumb Code     0  os_cpu_a.o(.text)
    OS_CPU_SR_Restore                        0x08000235   Thumb Code     0  os_cpu_a.o(.text)
    OSStartHighRdy                           0x0800023b   Thumb Code     0  os_cpu_a.o(.text)
    OSCtxSw                                  0x0800025b   Thumb Code     0  os_cpu_a.o(.text)
    OSIntCtxSw                               0x08000265   Thumb Code     0  os_cpu_a.o(.text)
    OS_CPU_PendSVHandler                     0x0800026f   Thumb Code     0  os_cpu_a.o(.text)
    Reset_Handler                            0x080002d5   Thumb Code     8  startup_stm32f10x_cl.o(.text)
    NMI_Handler                              0x080002dd   Thumb Code     2  startup_stm32f10x_cl.o(.text)
    MemManage_Handler                        0x080002e1   Thumb Code     2  startup_stm32f10x_cl.o(.text)
    BusFault_Handler                         0x080002e3   Thumb Code     2  startup_stm32f10x_cl.o(.text)
    UsageFault_Handler                       0x080002e5   Thumb Code     2  startup_stm32f10x_cl.o(.text)
    SVC_Handler                              0x080002e7   Thumb Code     2  startup_stm32f10x_cl.o(.text)
    DebugMon_Handler                         0x080002e9   Thumb Code     2  startup_stm32f10x_cl.o(.text)
    ADC1_2_IRQHandler                        0x080002ef   Thumb Code     0  startup_stm32f10x_cl.o(.text)
    CAN1_RX0_IRQHandler                      0x080002ef   Thumb Code     0  startup_stm32f10x_cl.o(.text)
    CAN1_RX1_IRQHandler                      0x080002ef   Thumb Code     0  startup_stm32f10x_cl.o(.text)
    CAN1_SCE_IRQHandler                      0x080002ef   Thumb Code     0  startup_stm32f10x_cl.o(.text)
    CAN1_TX_IRQHandler                       0x080002ef   Thumb Code     0  startup_stm32f10x_cl.o(.text)
    CAN2_RX0_IRQHandler                      0x080002ef   Thumb Code     0  startup_stm32f10x_cl.o(.text)
    CAN2_RX1_IRQHandler                      0x080002ef   Thumb Code     0  startup_stm32f10x_cl.o(.text)
    CAN2_SCE_IRQHandler                      0x080002ef   Thumb Code     0  startup_stm32f10x_cl.o(.text)
    CAN2_TX_IRQHandler                       0x080002ef   Thumb Code     0  startup_stm32f10x_cl.o(.text)
    DMA1_Channel1_IRQHandler                 0x080002ef   Thumb Code     0  startup_stm32f10x_cl.o(.text)
    DMA1_Channel2_IRQHandler                 0x080002ef   Thumb Code     0  startup_stm32f10x_cl.o(.text)
    DMA1_Channel3_IRQHandler                 0x080002ef   Thumb Code     0  startup_stm32f10x_cl.o(.text)
    DMA1_Channel4_IRQHandler                 0x080002ef   Thumb Code     0  startup_stm32f10x_cl.o(.text)
    DMA1_Channel5_IRQHandler                 0x080002ef   Thumb Code     0  startup_stm32f10x_cl.o(.text)
    DMA1_Channel6_IRQHandler                 0x080002ef   Thumb Code     0  startup_stm32f10x_cl.o(.text)
    DMA1_Channel7_IRQHandler                 0x080002ef   Thumb Code     0  startup_stm32f10x_cl.o(.text)
    DMA2_Channel4_IRQHandler                 0x080002ef   Thumb Code     0  startup_stm32f10x_cl.o(.text)
    DMA2_Channel5_IRQHandler                 0x080002ef   Thumb Code     0  startup_stm32f10x_cl.o(.text)
    ETH_IRQHandler                           0x080002ef   Thumb Code     0  startup_stm32f10x_cl.o(.text)
    ETH_WKUP_IRQHandler                      0x080002ef   Thumb Code     0  startup_stm32f10x_cl.o(.text)
    OTG_FS_IRQHandler                        0x080002ef   Thumb Code     0  startup_stm32f10x_cl.o(.text)
    OTG_FS_WKUP_IRQHandler                   0x080002ef   Thumb Code     0  startup_stm32f10x_cl.o(.text)
    __user_initial_stackheap                 0x080002f1   Thumb Code     0  startup_stm32f10x_cl.o(.text)
    __use_no_semihosting                     0x08000315   Thumb Code     2  use_no_semi_2.o(.text)
    strchr                                   0x08000317   Thumb Code    20  strchr.o(.text)
    strcspn                                  0x0800032b   Thumb Code    32  strcspn.o(.text)
    strstr                                   0x0800034b   Thumb Code    36  strstr.o(.text)
    strcpy                                   0x0800036f   Thumb Code    72  strcpy.o(.text)
    __aeabi_memcpy4                          0x080003b7   Thumb Code     0  rt_memcpy_w.o(.text)
    __aeabi_memcpy8                          0x080003b7   Thumb Code     0  rt_memcpy_w.o(.text)
    __rt_memcpy_w                            0x080003b7   Thumb Code   100  rt_memcpy_w.o(.text)
    _memcpy_lastbytes_aligned                0x080003ff   Thumb Code     0  rt_memcpy_w.o(.text)
    __aeabi_memclr                           0x0800041b   Thumb Code     0  rt_memclr.o(.text)
    __rt_memclr                              0x0800041b   Thumb Code    68  rt_memclr.o(.text)
    _memset                                  0x0800041f   Thumb Code     0  rt_memclr.o(.text)
    __aeabi_memclr4                          0x0800045f   Thumb Code     0  rt_memclr_w.o(.text)
    __aeabi_memclr8                          0x0800045f   Thumb Code     0  rt_memclr_w.o(.text)
    __rt_memclr_w                            0x0800045f   Thumb Code    78  rt_memclr_w.o(.text)
    _memset_w                                0x08000463   Thumb Code     0  rt_memclr_w.o(.text)
    __use_two_region_memory                  0x080004ad   Thumb Code     2  heapauxi.o(.text)
    __rt_heap_escrow                         0x080004af   Thumb Code     2  heapauxi.o(.text)
    __rt_heap_expand                         0x080004b1   Thumb Code     2  heapauxi.o(.text)
    __I$use$semihosting                      0x080004b3   Thumb Code     0  use_no_semi.o(.text)
    __use_no_semihosting_swi                 0x080004b3   Thumb Code     2  use_no_semi.o(.text)
    __user_libspace                          0x080004b5   Thumb Code     8  libspace.o(.text)
    __user_perproc_libspace                  0x080004b5   Thumb Code     0  libspace.o(.text)
    __user_perthread_libspace                0x080004b5   Thumb Code     0  libspace.o(.text)
    __user_setup_stackheap                   0x080004bd   Thumb Code    74  sys_stackheap_outer.o(.text)
    exit                                     0x08000507   Thumb Code    12  exit.o(.text)
    DMA2_Channel1_IRQHandler                 0x08000a3d   Thumb Code     2  stm32f10x_it.o(i.DMA2_Channel1_IRQHandler)
    DMA2_Channel2_IRQHandler                 0x08000a3f   Thumb Code     2  stm32f10x_it.o(i.DMA2_Channel2_IRQHandler)
    DMA2_Channel3_IRQHandler                 0x08000a41   Thumb Code     2  stm32f10x_it.o(i.DMA2_Channel3_IRQHandler)
    DMA_Cmd                                  0x08000a43   Thumb Code    24  stm32f10x_dma.o(i.DMA_Cmd)
    DMA_DeInit                               0x08000a5d   Thumb Code   324  stm32f10x_dma.o(i.DMA_DeInit)
    DMA_GetCurrDataCounter                   0x08000ba9   Thumb Code     8  stm32f10x_dma.o(i.DMA_GetCurrDataCounter)
    DMA_Init                                 0x08000bb1   Thumb Code    60  stm32f10x_dma.o(i.DMA_Init)
    DelayMs                                  0x08000bed   Thumb Code    30  sd_driver.o(i.DelayMs)
    DelayMs_Usart2                           0x08000c0b   Thumb Code    30  stm32f10x_it.o(i.DelayMs_Usart2)
    Display                                  0x08000c29   Thumb Code   236  hd7279.o(i.Display)
    EXTI0_IRQHandler                         0x08000d21   Thumb Code     2  stm32f10x_it.o(i.EXTI0_IRQHandler)
    EXTI15_10_IRQHandler                     0x08000d25   Thumb Code    76  stm32f10x_it.o(i.EXTI15_10_IRQHandler)
    EXTI1_IRQHandler                         0x08000d7d   Thumb Code     2  stm32f10x_it.o(i.EXTI1_IRQHandler)
    EXTI2_IRQHandler                         0x08000d7f   Thumb Code     2  stm32f10x_it.o(i.EXTI2_IRQHandler)
    EXTI3_IRQHandler                         0x08000d81   Thumb Code     2  stm32f10x_it.o(i.EXTI3_IRQHandler)
    EXTI4_IRQHandler                         0x08000d83   Thumb Code     2  stm32f10x_it.o(i.EXTI4_IRQHandler)
    EXTI9_5_IRQHandler                       0x08000d85   Thumb Code     2  stm32f10x_it.o(i.EXTI9_5_IRQHandler)
    EXTI_ClearITPendingBit                   0x08000d89   Thumb Code     6  stm32f10x_exti.o(i.EXTI_ClearITPendingBit)
    EXTI_GetITStatus                         0x08000d95   Thumb Code    34  stm32f10x_exti.o(i.EXTI_GetITStatus)
    EXTI_Init                                0x08000dbd   Thumb Code   142  stm32f10x_exti.o(i.EXTI_Init)
    EnterEastFzRun                           0x08000e51   Thumb Code   440  app.o(i.EnterEastFzRun)
    EnterEastNormalRun                       0x08001021   Thumb Code   440  app.o(i.EnterEastNormalRun)
    FLASH_IRQHandler                         0x080011f1   Thumb Code     2  stm32f10x_it.o(i.FLASH_IRQHandler)
    GPIO_EXTILineConfig                      0x080011f5   Thumb Code    60  stm32f10x_gpio.o(i.GPIO_EXTILineConfig)
    GPIO_Init                                0x0800123d   Thumb Code   274  stm32f10x_gpio.o(i.GPIO_Init)
    GPIO_PinRemapConfig                      0x08001531   Thumb Code   138  stm32f10x_gpio.o(i.GPIO_PinRemapConfig)
    GPIO_ReadInputDataBit                    0x080015c1   Thumb Code    18  stm32f10x_gpio.o(i.GPIO_ReadInputDataBit)
    GPIO_ResetBits                           0x080015d3   Thumb Code     4  stm32f10x_gpio.o(i.GPIO_ResetBits)
    GPIO_SetBits                             0x080015d7   Thumb Code     4  stm32f10x_gpio.o(i.GPIO_SetBits)
    HardFault_Handler                        0x08001685   Thumb Code    14  stm32f10x_it.o(i.HardFault_Handler)
    Hd7279_Init                              0x08001699   Thumb Code   140  hd7279.o(i.Hd7279_Init)
    I2C1_ER_IRQHandler                       0x08001729   Thumb Code     2  stm32f10x_it.o(i.I2C1_ER_IRQHandler)
    I2C1_EV_IRQHandler                       0x0800172b   Thumb Code     2  stm32f10x_it.o(i.I2C1_EV_IRQHandler)
    I2C2_ER_IRQHandler                       0x0800172d   Thumb Code     2  stm32f10x_it.o(i.I2C2_ER_IRQHandler)
    I2C2_EV_IRQHandler                       0x0800172f   Thumb Code     2  stm32f10x_it.o(i.I2C2_EV_IRQHandler)
    KeyProm1                                 0x08001731   Thumb Code     2  app.o(i.KeyProm1)
    KeyProm2                                 0x08001733   Thumb Code     2  app.o(i.KeyProm2)
    KeyProm3                                 0x08001735   Thumb Code     2  app.o(i.KeyProm3)
    KeyProm4                                 0x08001737   Thumb Code     2  app.o(i.KeyProm4)
    KeyProm5                                 0x08001739   Thumb Code     2  app.o(i.KeyProm5)
    KeyProm6                                 0x0800173b   Thumb Code     2  app.o(i.KeyProm6)
    Key_Operation                            0x0800173d   Thumb Code   468  key.o(i.Key_Operation)
    LedBsZm_Init                             0x0800193d   Thumb Code   106  app.o(i.LedBsZm_Init)
    LedPortSpecialInit                       0x080019b5   Thumb Code    20  app.o(i.LedPortSpecialInit)
    Light_Control                            0x080019cd   Thumb Code   140  app.o(i.Light_Control)
    MathEastAdd_Qd220                        0x08001a6d   Thumb Code    54  motodrive.o(i.MathEastAdd_Qd220)
    MathEastSub_Qd220                        0x08001aa3   Thumb Code    64  motodrive.o(i.MathEastSub_Qd220)
    Menue_Date                               0x08001ae5   Thumb Code   196  key.o(i.Menue_Date)
    Menue_Light                              0x08001bb9   Thumb Code   716  key.o(i.Menue_Light)
    Menue_Mastertime                         0x08001ea9   Thumb Code   738  key.o(i.Menue_Mastertime)
    Menue_Report                             0x080021a9   Thumb Code  1862  key.o(i.Menue_Report)
    Menue_Substate                           0x08002931   Thumb Code   508  key.o(i.Menue_Substate)
    Menue_Subtime                            0x08002b55   Thumb Code   948  key.o(i.Menue_Subtime)
    Mp3Drive_Init                            0x08002f2d   Thumb Code   134  app.o(i.Mp3Drive_Init)
    NVIC_Init                                0x08003039   Thumb Code   102  misc.o(i.NVIC_Init)
    NVIC_PriorityGroupConfig                 0x080030ad   Thumb Code    10  misc.o(i.NVIC_PriorityGroupConfig)
    NoKeyProm                                0x080030c1   Thumb Code     2  app.o(i.NoKeyProm)
    OSInit                                   0x080030c3   Thumb Code    40  os_core.o(i.OSInit)
    OSInitHookBegin                          0x080030eb   Thumb Code     2  os_cpu_c.o(i.OSInitHookBegin)
    OSInitHookEnd                            0x080030ed   Thumb Code     2  os_cpu_c.o(i.OSInitHookEnd)
    OSIntEnter                               0x080030f1   Thumb Code    28  os_core.o(i.OSIntEnter)
    OSIntExit                                0x08003115   Thumb Code   112  os_core.o(i.OSIntExit)
    OSMutexCreate                            0x080031a5   Thumb Code   162  os_mutex.o(i.OSMutexCreate)
    OSSemCreate                              0x08003255   Thumb Code    78  os_sem.o(i.OSSemCreate)
    OSStart                                  0x080032ad   Thumb Code    48  os_core.o(i.OSStart)
    OSStatInit                               0x080032f5   Thumb Code    62  os_core.o(i.OSStatInit)
    OSTCBInitHook                            0x08003341   Thumb Code     2  os_cpu_c.o(i.OSTCBInitHook)
    OSTaskCreateExt                          0x08003345   Thumb Code   180  os_task.o(i.OSTaskCreateExt)
    OSTaskCreateHook                         0x08003405   Thumb Code     2  os_cpu_c.o(i.OSTaskCreateHook)
    OSTaskDel                                0x08003409   Thumb Code   348  os_task.o(i.OSTaskDel)
    OSTaskDelHook                            0x0800358d   Thumb Code     2  os_cpu_c.o(i.OSTaskDelHook)
    OSTaskIdleHook                           0x0800358f   Thumb Code     2  os_cpu_c.o(i.OSTaskIdleHook)
    OSTaskNameSet                            0x08003591   Thumb Code   160  os_task.o(i.OSTaskNameSet)
    OSTaskStatHook                           0x0800363d   Thumb Code     2  os_cpu_c.o(i.OSTaskStatHook)
    OSTaskStkChk                             0x08003641   Thumb Code   150  os_task.o(i.OSTaskStkChk)
    OSTaskStkInit                            0x080036e1   Thumb Code   154  os_cpu_c.o(i.OSTaskStkInit)
    OSTaskSwHook                             0x0800377b   Thumb Code     2  os_cpu_c.o(i.OSTaskSwHook)
    OSTimeDly                                0x0800377d   Thumb Code    96  os_time.o(i.OSTimeDly)
    OSTimeDlyHMSM                            0x080037ed   Thumb Code   160  os_time.o(i.OSTimeDlyHMSM)
    OSTimeTick                               0x08003891   Thumb Code   194  os_core.o(i.OSTimeTick)
    OS_CPU_SysTickInit                       0x08003969   Thumb Code    94  bsp.o(i.OS_CPU_SysTickInit)
    OS_Dummy                                 0x080039d1   Thumb Code     2  os_core.o(i.OS_Dummy)
    OS_EventWaitListInit                     0x080039d3   Thumb Code    28  os_core.o(i.OS_EventWaitListInit)
    OS_FlagInit                              0x080039f1   Thumb Code    68  os_flag.o(i.OS_FlagInit)
    OS_FlagUnlink                            0x08003a3d   Thumb Code    36  os_flag.o(i.OS_FlagUnlink)
    OS_MemClr                                0x08003c4d   Thumb Code    18  os_core.o(i.OS_MemClr)
    OS_Sched                                 0x08003c61   Thumb Code   100  os_core.o(i.OS_Sched)
    OS_StrCopy                               0x08003d0d   Thumb Code    28  os_core.o(i.OS_StrCopy)
    OS_StrLen                                0x08003d29   Thumb Code    20  os_core.o(i.OS_StrLen)
    OS_TCBInit                               0x08003d3d   Thumb Code   274  os_core.o(i.OS_TCBInit)
    OS_TaskIdle                              0x08003e69   Thumb Code    32  os_core.o(i.OS_TaskIdle)
    OS_TaskStat                              0x08003e8d   Thumb Code   124  os_core.o(i.OS_TaskStat)
    OS_TaskStatStkChk                        0x08003f1d   Thumb Code    54  os_core.o(i.OS_TaskStatStkChk)
    OS_TaskStkClr                            0x08003f59   Thumb Code    26  os_task.o(i.OS_TaskStkClr)
    PVD_IRQHandler                           0x08003f73   Thumb Code     2  stm32f10x_it.o(i.PVD_IRQHandler)
    RCC_AHBPeriphClockCmd                    0x08003f75   Thumb Code    26  stm32f10x_rcc.o(i.RCC_AHBPeriphClockCmd)
    RCC_APB1PeriphClockCmd                   0x08003f95   Thumb Code    26  stm32f10x_rcc.o(i.RCC_APB1PeriphClockCmd)
    RCC_APB1PeriphResetCmd                   0x08003fb5   Thumb Code    26  stm32f10x_rcc.o(i.RCC_APB1PeriphResetCmd)
    RCC_APB2PeriphClockCmd                   0x08003fd5   Thumb Code    26  stm32f10x_rcc.o(i.RCC_APB2PeriphClockCmd)
    RCC_APB2PeriphResetCmd                   0x08003ff5   Thumb Code    26  stm32f10x_rcc.o(i.RCC_APB2PeriphResetCmd)
    RCC_GetClocksFreq                        0x08004015   Thumb Code   374  stm32f10x_rcc.o(i.RCC_GetClocksFreq)
    RCC_IRQHandler                           0x080041a5   Thumb Code     2  stm32f10x_it.o(i.RCC_IRQHandler)
    RTCAlarm_IRQHandler                      0x080041a7   Thumb Code     2  stm32f10x_it.o(i.RTCAlarm_IRQHandler)
    RTC_IRQHandler                           0x080041a9   Thumb Code     2  stm32f10x_it.o(i.RTC_IRQHandler)
    RecvByteFromHd7279                       0x080041ad   Thumb Code   182  hd7279.o(i.RecvByteFromHd7279)
    SPI1_IRQHandler                          0x08004269   Thumb Code     2  stm32f10x_it.o(i.SPI1_IRQHandler)
    SPI2_IRQHandler                          0x0800426b   Thumb Code     2  stm32f10x_it.o(i.SPI2_IRQHandler)
    SPI3_IRQHandler                          0x0800426d   Thumb Code     2  stm32f10x_it.o(i.SPI3_IRQHandler)
    SendByteToHd7279                         0x08004271   Thumb Code   162  hd7279.o(i.SendByteToHd7279)
    SetAndGet_clock_tm                       0x08004319   Thumb Code   288  key.o(i.SetAndGet_clock_tm)
    SysTick_Handler                          0x0800455d   Thumb Code   176  stm32f10x_it.o(i.SysTick_Handler)
    SystemInit                               0x0800463d   Thumb Code    92  system_stm32f10x.o(i.SystemInit)
    TAMPER_IRQHandler                        0x080046a9   Thumb Code     2  stm32f10x_it.o(i.TAMPER_IRQHandler)
    TIM1_BRK_IRQHandler                      0x080046ab   Thumb Code     2  stm32f10x_it.o(i.TIM1_BRK_IRQHandler)
    TIM1_CC_IRQHandler                       0x080046ad   Thumb Code     2  stm32f10x_it.o(i.TIM1_CC_IRQHandler)
    TIM1_Config                              0x080046b1   Thumb Code   110  bsp.o(i.TIM1_Config)
    TIM1_TRG_COM_IRQHandler                  0x08004725   Thumb Code     2  stm32f10x_it.o(i.TIM1_TRG_COM_IRQHandler)
    TIM1_UP_IRQHandler                       0x08004729   Thumb Code   380  stm32f10x_it.o(i.TIM1_UP_IRQHandler)
    TIM2_IRQHandler                          0x080048d5   Thumb Code     2  stm32f10x_it.o(i.TIM2_IRQHandler)
    TIM3_IRQHandler                          0x080048d7   Thumb Code     2  stm32f10x_it.o(i.TIM3_IRQHandler)
    TIM4_IRQHandler                          0x080048d9   Thumb Code     2  stm32f10x_it.o(i.TIM4_IRQHandler)
    TIM5_IRQHandler                          0x080048db   Thumb Code     2  stm32f10x_it.o(i.TIM5_IRQHandler)
    TIM6_IRQHandler                          0x080048dd   Thumb Code     2  stm32f10x_it.o(i.TIM6_IRQHandler)
    TIM7_IRQHandler                          0x080048df   Thumb Code     2  stm32f10x_it.o(i.TIM7_IRQHandler)
    TIM_ClearFlag                            0x080048e1   Thumb Code     6  stm32f10x_tim.o(i.TIM_ClearFlag)
    TIM_ClearITPendingBit                    0x080048e7   Thumb Code     6  stm32f10x_tim.o(i.TIM_ClearITPendingBit)
    TIM_Cmd                                  0x080048ed   Thumb Code    24  stm32f10x_tim.o(i.TIM_Cmd)
    TIM_DeInit                               0x08004905   Thumb Code   424  stm32f10x_tim.o(i.TIM_DeInit)
    TIM_GetITStatus                          0x08004aed   Thumb Code    34  stm32f10x_tim.o(i.TIM_GetITStatus)
    TIM_ITConfig                             0x08004b0f   Thumb Code    18  stm32f10x_tim.o(i.TIM_ITConfig)
    TIM_TimeBaseInit                         0x08004b21   Thumb Code   122  stm32f10x_tim.o(i.TIM_TimeBaseInit)
    Time_Notice                              0x08004bc5   Thumb Code   714  app.o(i.Time_Notice)
    UART4_IRQHandler                         0x08004eed   Thumb Code     2  stm32f10x_it.o(i.UART4_IRQHandler)
    UART5_IRQHandler                         0x08004eef   Thumb Code     2  stm32f10x_it.o(i.UART5_IRQHandler)
    USART1_IRQHandler                        0x08004ef1   Thumb Code   124  stm32f10x_it.o(i.USART1_IRQHandler)
    USART1_Init                              0x08004f85   Thumb Code   298  usart1.o(i.USART1_Init)
    USART2_IRQHandler                        0x080050c1   Thumb Code   274  stm32f10x_it.o(i.USART2_IRQHandler)
    USART2_Init                              0x080051fd   Thumb Code   180  usart2.o(i.USART2_Init)
    USART2_RXLoop                            0x080052b9   Thumb Code    36  usart2.o(i.USART2_RXLoop)
    USART3_IRQHandler                        0x080052e5   Thumb Code     2  stm32f10x_it.o(i.USART3_IRQHandler)
    USART_ClearFlag                          0x080052e7   Thumb Code    18  stm32f10x_usart.o(i.USART_ClearFlag)
    USART_Cmd                                0x080052f9   Thumb Code    24  stm32f10x_usart.o(i.USART_Cmd)
    USART_DMACmd                             0x08005311   Thumb Code    18  stm32f10x_usart.o(i.USART_DMACmd)
    USART_GetFlagStatus                      0x08005323   Thumb Code    26  stm32f10x_usart.o(i.USART_GetFlagStatus)
    USART_GetITStatus                        0x0800533d   Thumb Code    84  stm32f10x_usart.o(i.USART_GetITStatus)
    USART_ITConfig                           0x08005391   Thumb Code    74  stm32f10x_usart.o(i.USART_ITConfig)
    USART_Init                               0x080053dd   Thumb Code   210  stm32f10x_usart.o(i.USART_Init)
    USART_ReceiveData                        0x080054b5   Thumb Code    10  stm32f10x_usart.o(i.USART_ReceiveData)
    USART_SendData                           0x080054bf   Thumb Code     8  stm32f10x_usart.o(i.USART_SendData)
    WWDG_IRQHandler                          0x080054c7   Thumb Code     2  stm32f10x_it.o(i.WWDG_IRQHandler)
    _nop_                                    0x080054c9   Thumb Code    12  hd7279.o(i._nop_)
    _sys_exit                                0x080054d5   Thumb Code     4  usart2.o(i._sys_exit)
    checkbcc                                 0x08005549   Thumb Code    26  check.o(i.checkbcc)
    compare_zf                               0x08005565   Thumb Code   536  motodrive.o(i.compare_zf)
    do_gps                                   0x0800578d   Thumb Code    58  gps.o(i.do_gps)
    ds3231_tm_rd                             0x080057d1   Thumb Code   202  ds3231.o(i.ds3231_tm_rd)
    ds3231_tm_wr                             0x080058a1   Thumb Code   278  ds3231.o(i.ds3231_tm_wr)
    get_iic_setting                          0x080059bd   Thumb Code   564  iic_sw.o(i.get_iic_setting)
    get_time                                 0x08005c11   Thumb Code    90  ds3231.o(i.get_time)
    gps_bd2_ascii                            0x08005e01   Thumb Code   232  gps.o(i.gps_bd2_ascii)
    iic_sw_init                              0x080060c1   Thumb Code    44  iic_sw.o(i.iic_sw_init)
    iic_sw_read                              0x080060f1   Thumb Code   116  iic_sw.o(i.iic_sw_read)
    iic_sw_write                             0x08006165   Thumb Code    92  iic_sw.o(i.iic_sw_write)
    iic_wr_byte                              0x08006225   Thumb Code   100  iic_sw.o(i.iic_wr_byte)
    main                                     0x0800628d   Thumb Code    66  app.o(i.main)
    mktimev                                  0x080062dd   Thumb Code   120  time.o(i.mktimev)
    mp3_volume                               0x08006359   Thumb Code    40  mp3.o(i.mp3_volume)
    mp3play                                  0x08006389   Thumb Code   334  mp3.o(i.mp3play)
    pps_isr                                  0x080064e1   Thumb Code   184  pps.o(i.pps_isr)
    read_hd7279                              0x080065b5   Thumb Code    16  hd7279.o(i.read_hd7279)
    set_pps1_sig                             0x080067dd   Thumb Code    46  pps.o(i.set_pps1_sig)
    to_tm                                    0x0800681d   Thumb Code   292  time.o(i.to_tm)
    write_hd7279                             0x08006949   Thumb Code    20  hd7279.o(i.write_hd7279)
    Volume                                   0x0800698c   Data           6  mp3.o(.constdata)
    Rythem_Name                              0x08006992   Data          15  mp3.o(.constdata)
    OSUnMapTbl                               0x080069a1   Data         256  os_core.o(.constdata)
    Region$$Table$$Base                      0x08006afc   Number         0  anon$$obj.o(Region$$Table)
    Region$$Table$$Limit                     0x08006b1c   Number         0  anon$$obj.o(Region$$Table)
    p_timemu                                 0x20000000   Data           4  app.o(.data)
    pps1_rising_sig                          0x20000004   Data           1  app.o(.data)
    pps1_falling_sig                         0x20000005   Data           1  app.o(.data)
    pps1_tim                                 0x20000006   Data           1  app.o(.data)
    pps1_status                              0x20000007   Data           1  app.o(.data)
    MainArray1                               0x20000008   Data          12  app.o(.data)
    MainArray2                               0x20000014   Data          12  app.o(.data)
    pmp3tabel                                0x20000020   Data         104  app.o(.data)
    phead                                    0x20000088   Data           4  app.o(.data)
    KeyProcTab                               0x2000008c   Data          28  app.o(.data)
    pMainTestArray                           0x200000a8   Data           4  app.o(.data)
    BigOrSmallValue                          0x200000ac   Data           4  app.o(.data)
    pBigOrSmallValue                         0x200000b0   Data           4  app.o(.data)
    ppBigOrSmallValue                        0x200000b4   Data           4  app.o(.data)
    Time_Modify                              0x200000b8   Data           6  app.o(.data)
    Mp3_Ok                                   0x200000be   Data           1  app.o(.data)
    Mp3_Error                                0x200000bf   Data           1  app.o(.data)
    PowerOnFLag                              0x200000c0   Data           1  app.o(.data)
    Light_En                                 0x200000c1   Data           1  app.o(.data)
    Light_Start                              0x200000c2   Data           1  app.o(.data)
    Light_End                                0x200000c3   Data           1  app.o(.data)
    Rythem_Number                            0x200000c4   Data           1  app.o(.data)
    Strike_Number                            0x200000c5   Data           1  app.o(.data)
    ReadKey_Value                            0x200000c6   Data           1  app.o(.data)
    NTP                                      0x20000108   Data           4  app.o(.data)
    p_timeslave                              0x2000010c   Data           4  app.o(.data)
    MainUsart2NoRxdFlag                      0x20000110   Data           1  app.o(.data)
    MainBsOnOffStatusFlag                    0x20000111   Data           1  app.o(.data)
    MainBsJsValidFlag                        0x20000112   Data           1  app.o(.data)
    MainBsStartFlag                          0x20000113   Data           1  app.o(.data)
    MainBsPayOrXms                           0x20000114   Data           1  app.o(.data)
    MainBsKnockCnt                           0x20000115   Data           1  app.o(.data)
    Mutex_USART1                             0x20000118   Data           4  app.o(.data)
    Mutex_USART2                             0x2000011c   Data           4  app.o(.data)
    Mutex_FATFS                              0x20000120   Data           4  app.o(.data)
    pMainMotorSemEve                         0x20000124   Data           4  app.o(.data)
    pMainBsSemEve                            0x20000128   Data           4  app.o(.data)
    pMainProcess                             0x2000012c   Data           4  app.o(.data)
    StartEraseNandFlag                       0x20000130   Data           1  app.o(.data)
    TimeDisValidFlag                         0x20000131   Data           1  app.o(.data)
    q                                        0x20000134   Data           4  app.o(.data)
    p                                        0x20000138   Data           4  app.o(.data)
    My                                       0x2000013c   Data           4  app.o(.data)
    my                                       0x20000140   Data           4  app.o(.data)
    LightSlotFlag                            0x20000144   Data           1  app.o(.data)
    LightSlotValue                           0x20000146   Data           2  app.o(.data)
    Key_Time                                 0x20000148   Data           1  app.o(.data)
    MotorActFlag                             0x20000149   Data           1  app.o(.data)
    USART_RX_STA                             0x2000014c   Data           2  stm32f10x_it.o(.data)
    pRxdData                                 0x20000150   Data           4  stm32f10x_it.o(.data)
    IntKeyActionValid                        0x20000172   Data           1  stm32f10x_it.o(.data)
    ItWaitFlag                               0x20000173   Data           1  stm32f10x_it.o(.data)
    ms_1                                     0x20000174   Data           4  stm32f10x_it.o(.data)
    Vs1003bPowOnFlag                         0x20000178   Data           1  stm32f10x_it.o(.data)
    RxdData                                  0x20000179   Data           8  stm32f10x_it.o(.data)
    StartSymble                              0x20000181   Data           1  stm32f10x_it.o(.data)
    ItFlag                                   0x20000182   Data           1  stm32f10x_it.o(.data)
    USART1_Recive_Flag                       0x20000183   Data           1  stm32f10x_it.o(.data)
    IntDisFlag                               0x20000184   Data           1  stm32f10x_it.o(.data)
    g_iRunTime                               0x20000188   Data           4  stm32f10x_it.o(.data)
    Res                                      0x2000018c   Data           1  stm32f10x_it.o(.data)
    Reset_Set1                               0x2000018e   Data           1  motodrive.o(.data)
    Reset_Set2                               0x2000018f   Data           1  motodrive.o(.data)
    Reset_Set3                               0x20000190   Data           1  motodrive.o(.data)
    Reset_Set4                               0x20000191   Data           1  motodrive.o(.data)
    Subclock1                                0x20000192   Data          14  motodrive.o(.data)
    Subclock2                                0x200001a0   Data          14  motodrive.o(.data)
    Subclock3                                0x200001ae   Data          14  motodrive.o(.data)
    Subclock4                                0x200001bc   Data          14  motodrive.o(.data)
    MotorZZ_Flag                             0x200001cb   Data           1  motodrive.o(.data)
    MotorFZ_Flag                             0x200001cc   Data           1  motodrive.o(.data)
    WeekDay                                  0x200001d0   Data          28  time.o(.data)
    Month                                    0x200001ec   Data          48  time.o(.data)
    gps1_sjw_set_double                      0x2000024c   Data          28  gps.o(.data)
    gps1_set_only_bd                         0x20000268   Data          14  gps.o(.data)
    gps1_set_only_gps                        0x20000276   Data          14  gps.o(.data)
    gps_set_save                             0x20000284   Data          14  gps.o(.data)
    bd_set_save                              0x20000292   Data          14  gps.o(.data)
    gps_or_bd_set_save                       0x200002a0   Data          14  gps.o(.data)
    pps_set                                  0x200002ae   Data          28  gps.o(.data)
    bd2b1                                    0x200002cc   Data           4  gps.o(.data)
    gpsl1                                    0x200002d0   Data           4  gps.o(.data)
    gpsl2                                    0x200002d4   Data           4  gps.o(.data)
    pgps_save                                0x200002d8   Data           4  gps.o(.data)
    pbd_save                                 0x200002dc   Data           4  gps.o(.data)
    pgps_or_bd_save                          0x200002e0   Data           4  gps.o(.data)
    gps1_f1_info                             0x200002e7   Data           8  gps.o(.data)
    header                                   0x200002ef   Data           7  gps.o(.data)
    last_status                              0x200002f6   Data           1  gps.o(.data)
    GpsBdSaveFlag                            0x200002f7   Data           1  gps.o(.data)
    GpsBdRunFlag                             0x200002f8   Data           1  gps.o(.data)
    GpsBdRunRseg                             0x200002fa   Data           2  gps.o(.data)
    Mp3data                                  0x200002fe   Data          18  mp3.o(.data)
    Strike_Head                              0x20000310   Data          16  mp3.o(.data)
    Rythem_Minite                            0x20000320   Data          15  mp3.o(.data)
    Rythem_Second                            0x2000032f   Data          15  mp3.o(.data)
    Set_Time                                 0x2000033e   Data           4  mp3.o(.data)
    Set_StrikeNumber                         0x20000342   Data           4  mp3.o(.data)
    OSCtxSwCtr                               0x2000035c   Data           4  os_core.o(.data)
    OSEventFreeList                          0x20000360   Data           4  os_core.o(.data)
    OSFlagFreeList                           0x20000364   Data           4  os_core.o(.data)
    OSCPUUsage                               0x20000368   Data           1  os_core.o(.data)
    OSIdleCtrMax                             0x2000036c   Data           4  os_core.o(.data)
    OSIdleCtrRun                             0x20000370   Data           4  os_core.o(.data)
    OSStatRdy                                0x20000374   Data           1  os_core.o(.data)
    OSIntNesting                             0x20000375   Data           1  os_core.o(.data)
    OSLockNesting                            0x20000376   Data           1  os_core.o(.data)
    OSPrioCur                                0x20000377   Data           1  os_core.o(.data)
    OSPrioHighRdy                            0x20000378   Data           1  os_core.o(.data)
    OSRdyGrp                                 0x20000379   Data           1  os_core.o(.data)
    OSRdyTbl                                 0x2000037a   Data           8  os_core.o(.data)
    OSRunning                                0x20000382   Data           1  os_core.o(.data)
    OSTaskCtr                                0x20000383   Data           1  os_core.o(.data)
    OSIdleCtr                                0x20000384   Data           4  os_core.o(.data)
    OSTCBCur                                 0x20000388   Data           4  os_core.o(.data)
    OSTCBFreeList                            0x2000038c   Data           4  os_core.o(.data)
    OSTCBHighRdy                             0x20000390   Data           4  os_core.o(.data)
    OSTCBList                                0x20000394   Data           4  os_core.o(.data)
    OSTickStepState                          0x20000398   Data           1  os_core.o(.data)
    pPut_USART2_RX_FIFO                      0x2000039c   Data           4  usart2.o(.data)
    pGet_USART2_RX_FIFO                      0x200003a0   Data           4  usart2.o(.data)
    __stdout                                 0x200003a4   Data           4  usart2.o(.data)
    KeyState                                 0x200003a8   Data           1  hd7279.o(.data)
    digit                                    0x200003a9   Data           5  hd7279.o(.data)
    key_number                               0x200003ae   Data           1  hd7279.o(.data)
    j                                        0x200003af   Data           1  hd7279.o(.data)
    k                                        0x200003b0   Data           1  hd7279.o(.data)
    tmr                                      0x200003b2   Data           2  hd7279.o(.data)
    wait_cnter                               0x200003b4   Data           4  hd7279.o(.data)
    com1_rx_len                              0x200003b8   Data           2  uart.o(.data)
    com1_recv_end_flag                       0x200003ba   Data           1  uart.o(.data)
    Uart1_Tx_Idle                            0x200003bb   Data           1  uart.o(.data)
    Usart1_Rx_Len                            0x200003bc   Data           2  uart.o(.data)
    Uart1_Tx_Cnt                             0x200003be   Data           2  uart.o(.data)
    Uart1_Rx_Tmo_Cnt                         0x200003c0   Data           2  uart.o(.data)
    com2_rx_len                              0x200003c6   Data           2  uart.o(.data)
    Uart2_Rx_Len                             0x200003c8   Data           2  uart.o(.data)
    Uart2_Tx_Idle                            0x200003ca   Data           1  uart.o(.data)
    Uart2_Tx_Cnt                             0x200003cc   Data           2  uart.o(.data)
    Uart2_Rx_Tmo_Cnt                         0x200003ce   Data           2  uart.o(.data)
    com2_recv_end_flag                       0x200003d4   Data           1  uart.o(.data)
    uart2_rx_tmo_cnt                         0x200003d6   Data           2  uart.o(.data)
    com3_rx_len                              0x200003d8   Data           2  uart.o(.data)
    Uart3_Rx_Len                             0x200003da   Data           2  uart.o(.data)
    Uart3_Tx_Idle                            0x200003dc   Data           1  uart.o(.data)
    Uart3_Tx_Cnt                             0x200003de   Data           2  uart.o(.data)
    Uart3_Rx_Tmo_Cnt                         0x200003e0   Data           2  uart.o(.data)
    com3_recv_end_flag                       0x200003e6   Data           1  uart.o(.data)
    com4_rx_len                              0x200003e8   Data           2  uart.o(.data)
    Uart4_Rx_Len                             0x200003ea   Data           2  uart.o(.data)
    Uart4_Tx_Idle                            0x200003ec   Data           1  uart.o(.data)
    Uart4_Tx_Cnt                             0x200003ee   Data           2  uart.o(.data)
    Uart4_Rx_Tmo_Cnt                         0x200003f0   Data           2  uart.o(.data)
    com4_recv_end_flag                       0x200003f6   Data           1  uart.o(.data)
    Uart5_Tx_Tmo_Flag                        0x200003f7   Data           1  uart.o(.data)
    Uart5_Tx_Tmo_Cnt                         0x200003f8   Data           2  uart.o(.data)
    com5_rx_len                              0x200003fa   Data           2  uart.o(.data)
    Uart5_Rx_Len                             0x200003fc   Data           2  uart.o(.data)
    Uart5_Tx_Idle                            0x200003fe   Data           1  uart.o(.data)
    Uart5_Tx_Cnt                             0x20000400   Data           2  uart.o(.data)
    Uart5_Rx_Tmo_Cnt                         0x20000402   Data           2  uart.o(.data)
    com5_recv_end_flag                       0x20000408   Data           1  uart.o(.data)
    Uart5_Tx_Cur_Cnt                         0x2000040a   Data           2  uart.o(.data)
    USART1_MODBUS_send_count                 0x2000040c   Data           2  uart.o(.data)
    uart1_rx_sig                             0x2000040e   Data           1  uart.o(.data)
    uart1_tc_sig                             0x2000040f   Data           1  uart.o(.data)
    uart2_rx_sig                             0x20000410   Data           1  uart.o(.data)
    uart3_rx_sig                             0x20000411   Data           1  uart.o(.data)
    uart4_rx_sig                             0x20000412   Data           1  uart.o(.data)
    uart5_rx_sig                             0x20000413   Data           1  uart.o(.data)
    uart5_tx_sig                             0x20000414   Data           1  uart.o(.data)
    Report_Time                              0x20000415   Data          24  key.o(.data)
    Key_Subclock_State1                      0x2000042d   Data           1  key.o(.data)
    Report_Order                             0x2000042e   Data           1  key.o(.data)
    Report_Number                            0x2000042f   Data           1  key.o(.data)
    Report_En                                0x20000430   Data           1  key.o(.data)
    Blink_Number                             0x20000431   Data           1  key.o(.data)
    Subclock_State                           0x20000432   Data           1  key.o(.data)
    Subclock_Number                          0x20000433   Data           1  key.o(.data)
    Subclock_Order                           0x20000434   Data           1  key.o(.data)
    Report_Hour                              0x20000436   Data           1  key.o(.data)
    TimeStore                                0x20000437   Data           6  key.o(.data)
    Count_State                              0x2000043d   Data           1  key.o(.data)
    buffer                                   0x2000044a   Data         512  app.o(.bss)
    SdCardMessage                            0x2000064a   Data          16  app.o(.bss)
    hms_variant                              0x2000065a   Data          50  app.o(.bss)
    MainArray                                0x20002a8c   Data          11  app.o(.bss)
    MainTestArray                            0x20002ac0   Data         200  app.o(.bss)
    SdCardMessageInfo                        0x20002b88   Data          16  app.o(.bss)
    gps                                      0x20002b98   Data          16  gps.o(.bss)
    board                                    0x20002ba8   Data         160  gps.o(.bss)
    OSEventTbl                               0x20002c48   Data         396  os_core.o(.bss)
    OSFlagTbl                                0x20002dd4   Data         140  os_core.o(.bss)
    OSTaskStatStk                            0x20002e60   Data        1000  os_core.o(.bss)
    OSTaskIdleStk                            0x20003248   Data        1000  os_core.o(.bss)
    OSTCBPrioTbl                             0x20003630   Data         256  os_core.o(.bss)
    OSTCBTbl                                 0x20003730   Data        1512  os_core.o(.bss)
    receive_data                             0x20003d18   Data         150  usart1.o(.bss)
    RX_data                                  0x20003dae   Data          26  usart1.o(.bss)
    USART2_RX_FIFO                           0x20003dc8   Data          10  usart2.o(.bss)
    com1_rx_buffer                           0x20003dd2   Data         400  uart.o(.bss)
    DMA_USART1_TX_BUF                        0x20003f62   Data         400  uart.o(.bss)
    Uart1_Rx_Buf                             0x200040f2   Data         150  uart.o(.bss)
    Uart1_Tx_Buf                             0x20004188   Data         256  uart.o(.bss)
    Uart2_Rx_Buf                             0x20004288   Data          64  uart.o(.bss)
    Uart2_Tx_Buf                             0x200042c8   Data          64  uart.o(.bss)
    Uart3_Rx_Buf                             0x20004308   Data          64  uart.o(.bss)
    Uart3_Tx_Buf                             0x20004348   Data          64  uart.o(.bss)
    Uart4_Rx_Buf                             0x20004388   Data         256  uart.o(.bss)
    Uart4_Tx_Buf                             0x20004488   Data          76  uart.o(.bss)
    Uart5_Rx_Buf                             0x200044d4   Data          64  uart.o(.bss)
    Uart5_Tx_Buf                             0x20004514   Data          64  uart.o(.bss)
    __libspace_start                         0x20004554   Data          96  libspace.o(.bss)
    __temporary_stack_top$libspace           0x200045b4   Data           0  libspace.o(.bss)



==============================================================================

Memory Map of the image

  Image Entry point : 0x08000151

  Load Region LR_IROM1 (Base: 0x08000000, Size: 0x00006f5c, Max: 0x00040000, ABSOLUTE, COMPRESSED[0x00006c98])

    Execution Region ER_IROM1 (Base: 0x08000000, Size: 0x00006b1c, Max: 0x00040000, ABSOLUTE)

    Base Addr    Size         Type   Attr      Idx    E Section Name        Object

    0x08000000   0x00000150   Data   RO         6665    RESET               startup_stm32f10x_cl.o
    0x08000150   0x00000008   Code   RO         6818  * !!!main             c_w.l(__main.o)
    0x08000158   0x00000034   Code   RO         7027    !!!scatter          c_w.l(__scatter.o)
    0x0800018c   0x0000005a   Code   RO         7025    !!dczerorl2         c_w.l(__dczerorl2.o)
    0x080001e6   0x00000002   PAD
    0x080001e8   0x0000001c   Code   RO         7029    !!handler_zi        c_w.l(__scatter_zi.o)
    0x08000204   0x00000002   Code   RO         6969    .ARM.Collect$$libinit$$00000000  c_w.l(libinit.o)
    0x08000206   0x00000000   Code   RO         6858    .ARM.Collect$$libinit$$00000002  c_w.l(libinit2.o)
    0x08000206   0x00000000   Code   RO         6861    .ARM.Collect$$libinit$$00000008  c_w.l(libinit2.o)
    0x08000206   0x00000000   Code   RO         6863    .ARM.Collect$$libinit$$0000000A  c_w.l(libinit2.o)
    0x08000206   0x00000000   Code   RO         6865    .ARM.Collect$$libinit$$0000000C  c_w.l(libinit2.o)
    0x08000206   0x00000000   Code   RO         6868    .ARM.Collect$$libinit$$0000000F  c_w.l(libinit2.o)
    0x08000206   0x00000000   Code   RO         6870    .ARM.Collect$$libinit$$00000011  c_w.l(libinit2.o)
    0x08000206   0x00000000   Code   RO         6872    .ARM.Collect$$libinit$$00000013  c_w.l(libinit2.o)
    0x08000206   0x00000000   Code   RO         6874    .ARM.Collect$$libinit$$00000015  c_w.l(libinit2.o)
    0x08000206   0x00000000   Code   RO         6876    .ARM.Collect$$libinit$$00000017  c_w.l(libinit2.o)
    0x08000206   0x00000000   Code   RO         6878    .ARM.Collect$$libinit$$00000019  c_w.l(libinit2.o)
    0x08000206   0x00000000   Code   RO         6880    .ARM.Collect$$libinit$$0000001B  c_w.l(libinit2.o)
    0x08000206   0x00000000   Code   RO         6882    .ARM.Collect$$libinit$$0000001D  c_w.l(libinit2.o)
    0x08000206   0x00000000   Code   RO         6884    .ARM.Collect$$libinit$$0000001F  c_w.l(libinit2.o)
    0x08000206   0x00000000   Code   RO         6886    .ARM.Collect$$libinit$$00000021  c_w.l(libinit2.o)
    0x08000206   0x00000000   Code   RO         6888    .ARM.Collect$$libinit$$00000023  c_w.l(libinit2.o)
    0x08000206   0x00000000   Code   RO         6892    .ARM.Collect$$libinit$$0000002A  c_w.l(libinit2.o)
    0x08000206   0x00000000   Code   RO         6894    .ARM.Collect$$libinit$$0000002C  c_w.l(libinit2.o)
    0x08000206   0x00000000   Code   RO         6896    .ARM.Collect$$libinit$$0000002E  c_w.l(libinit2.o)
    0x08000206   0x00000000   Code   RO         6898    .ARM.Collect$$libinit$$00000030  c_w.l(libinit2.o)
    0x08000206   0x00000002   Code   RO         6899    .ARM.Collect$$libinit$$00000031  c_w.l(libinit2.o)
    0x08000208   0x00000002   Code   RO         7022    .ARM.Collect$$libshutdown$$00000000  c_w.l(libshutdown.o)
    0x0800020a   0x00000000   Code   RO         6982    .ARM.Collect$$libshutdown$$00000003  c_w.l(libshutdown2.o)
    0x0800020a   0x00000000   Code   RO         6985    .ARM.Collect$$libshutdown$$00000006  c_w.l(libshutdown2.o)
    0x0800020a   0x00000000   Code   RO         6988    .ARM.Collect$$libshutdown$$00000009  c_w.l(libshutdown2.o)
    0x0800020a   0x00000000   Code   RO         6990    .ARM.Collect$$libshutdown$$0000000B  c_w.l(libshutdown2.o)
    0x0800020a   0x00000000   Code   RO         6993    .ARM.Collect$$libshutdown$$0000000E  c_w.l(libshutdown2.o)
    0x0800020a   0x00000002   Code   RO         6994    .ARM.Collect$$libshutdown$$0000000F  c_w.l(libshutdown2.o)
    0x0800020c   0x00000000   Code   RO         6824    .ARM.Collect$$rtentry$$00000000  c_w.l(rtentry.o)
    0x0800020c   0x00000000   Code   RO         6906    .ARM.Collect$$rtentry$$00000002  c_w.l(rtentry2.o)
    0x0800020c   0x00000006   Code   RO         6918    .ARM.Collect$$rtentry$$00000004  c_w.l(rtentry4.o)
    0x08000212   0x00000000   Code   RO         6908    .ARM.Collect$$rtentry$$00000009  c_w.l(rtentry2.o)
    0x08000212   0x00000004   Code   RO         6909    .ARM.Collect$$rtentry$$0000000A  c_w.l(rtentry2.o)
    0x08000216   0x00000000   Code   RO         6911    .ARM.Collect$$rtentry$$0000000C  c_w.l(rtentry2.o)
    0x08000216   0x00000008   Code   RO         6912    .ARM.Collect$$rtentry$$0000000D  c_w.l(rtentry2.o)
    0x0800021e   0x00000002   Code   RO         6970    .ARM.Collect$$rtexit$$00000000  c_w.l(rtexit.o)
    0x08000220   0x00000000   Code   RO         6996    .ARM.Collect$$rtexit$$00000002  c_w.l(rtexit2.o)
    0x08000220   0x00000004   Code   RO         6997    .ARM.Collect$$rtexit$$00000003  c_w.l(rtexit2.o)
    0x08000224   0x00000006   Code   RO         6998    .ARM.Collect$$rtexit$$00000004  c_w.l(rtexit2.o)
    0x0800022a   0x00000002   PAD
    0x0800022c   0x000000a8   Code   RO         5092    .text               os_cpu_a.o
    0x080002d4   0x00000040   Code   RO         6666    .text               startup_stm32f10x_cl.o
    0x08000314   0x00000002   Code   RO         6706    .text               c_w.l(use_no_semi_2.o)
    0x08000316   0x00000014   Code   RO         6800    .text               c_w.l(strchr.o)
    0x0800032a   0x00000020   Code   RO         6802    .text               c_w.l(strcspn.o)
    0x0800034a   0x00000024   Code   RO         6804    .text               c_w.l(strstr.o)
    0x0800036e   0x00000048   Code   RO         6806    .text               c_w.l(strcpy.o)
    0x080003b6   0x00000064   Code   RO         6810    .text               c_w.l(rt_memcpy_w.o)
    0x0800041a   0x00000044   Code   RO         6812    .text               c_w.l(rt_memclr.o)
    0x0800045e   0x0000004e   Code   RO         6814    .text               c_w.l(rt_memclr_w.o)
    0x080004ac   0x00000006   Code   RO         6816    .text               c_w.l(heapauxi.o)
    0x080004b2   0x00000002   Code   RO         6820    .text               c_w.l(use_no_semi.o)
    0x080004b4   0x00000008   Code   RO         6902    .text               c_w.l(libspace.o)
    0x080004bc   0x0000004a   Code   RO         6946    .text               c_w.l(sys_stackheap_outer.o)
    0x08000506   0x0000000c   Code   RO         6954    .text               c_w.l(exit.o)
    0x08000512   0x00000002   PAD
    0x08000514   0x000000c8   Code   RO            1    i.AppTask1          app.o
    0x080005dc   0x00000014   Code   RO            2    i.AppTask2          app.o
    0x080005f0   0x00000012   Code   RO            3    i.AppTask3          app.o
    0x08000602   0x00000002   PAD
    0x08000604   0x000000d8   Code   RO            4    i.AppTask4          app.o
    0x080006dc   0x000000bc   Code   RO            5    i.AppTask5          app.o
    0x08000798   0x00000010   Code   RO            6    i.AppTask6          app.o
    0x080007a8   0x00000038   Code   RO            7    i.AppTask7          app.o
    0x080007e0   0x000000dc   Code   RO            8    i.AppTask8          app.o
    0x080008bc   0x00000180   Code   RO            9    i.App_TaskStart     app.o
    0x08000a3c   0x00000002   Code   RO          543    i.DMA2_Channel1_IRQHandler  stm32f10x_it.o
    0x08000a3e   0x00000002   Code   RO          544    i.DMA2_Channel2_IRQHandler  stm32f10x_it.o
    0x08000a40   0x00000002   Code   RO          545    i.DMA2_Channel3_IRQHandler  stm32f10x_it.o
    0x08000a42   0x00000018   Code   RO         2710    i.DMA_Cmd           stm32f10x_dma.o
    0x08000a5a   0x00000002   PAD
    0x08000a5c   0x0000014c   Code   RO         2711    i.DMA_DeInit        stm32f10x_dma.o
    0x08000ba8   0x00000008   Code   RO         2712    i.DMA_GetCurrDataCounter  stm32f10x_dma.o
    0x08000bb0   0x0000003c   Code   RO         2716    i.DMA_Init          stm32f10x_dma.o
    0x08000bec   0x0000001e   Code   RO         1391    i.DelayMs           sd_driver.o
    0x08000c0a   0x0000001e   Code   RO          555    i.DelayMs_Usart2    stm32f10x_it.o
    0x08000c28   0x000000f8   Code   RO         5673    i.Display           hd7279.o
    0x08000d20   0x00000002   Code   RO          556    i.EXTI0_IRQHandler  stm32f10x_it.o
    0x08000d22   0x00000002   PAD
    0x08000d24   0x00000058   Code   RO          557    i.EXTI15_10_IRQHandler  stm32f10x_it.o
    0x08000d7c   0x00000002   Code   RO          558    i.EXTI1_IRQHandler  stm32f10x_it.o
    0x08000d7e   0x00000002   Code   RO          559    i.EXTI2_IRQHandler  stm32f10x_it.o
    0x08000d80   0x00000002   Code   RO          560    i.EXTI3_IRQHandler  stm32f10x_it.o
    0x08000d82   0x00000002   Code   RO          561    i.EXTI4_IRQHandler  stm32f10x_it.o
    0x08000d84   0x00000002   Code   RO          562    i.EXTI9_5_IRQHandler  stm32f10x_it.o
    0x08000d86   0x00000002   PAD
    0x08000d88   0x0000000c   Code   RO         2781    i.EXTI_ClearITPendingBit  stm32f10x_exti.o
    0x08000d94   0x00000028   Code   RO         2785    i.EXTI_GetITStatus  stm32f10x_exti.o
    0x08000dbc   0x00000094   Code   RO         2786    i.EXTI_Init         stm32f10x_exti.o
    0x08000e50   0x000001d0   Code   RO           10    i.EnterEastFzRun    app.o
    0x08001020   0x000001d0   Code   RO           11    i.EnterEastNormalRun  app.o
    0x080011f0   0x00000002   Code   RO          563    i.FLASH_IRQHandler  stm32f10x_it.o
    0x080011f2   0x00000002   PAD
    0x080011f4   0x00000040   Code   RO         3131    i.GPIO_EXTILineConfig  stm32f10x_gpio.o
    0x08001234   0x00000008   Code   RO           15    i.GPIO_I2C_Config   app.o
    0x0800123c   0x00000112   Code   RO         3134    i.GPIO_Init         stm32f10x_gpio.o
    0x0800134e   0x00000002   PAD
    0x08001350   0x00000074   Code   RO           16    i.GPIO_Key_Config   app.o
    0x080013c4   0x0000016c   Code   RO           17    i.GPIO_Motor_Config  app.o
    0x08001530   0x00000090   Code   RO         3136    i.GPIO_PinRemapConfig  stm32f10x_gpio.o
    0x080015c0   0x00000012   Code   RO         3138    i.GPIO_ReadInputDataBit  stm32f10x_gpio.o
    0x080015d2   0x00000004   Code   RO         3141    i.GPIO_ResetBits    stm32f10x_gpio.o
    0x080015d6   0x00000004   Code   RO         3142    i.GPIO_SetBits      stm32f10x_gpio.o
    0x080015da   0x00000002   PAD
    0x080015dc   0x000000a8   Code   RO         1629    i.GregorianDay      time.o
    0x08001684   0x00000014   Code   RO          565    i.HardFault_Handler  stm32f10x_it.o
    0x08001698   0x00000090   Code   RO         5674    i.Hd7279_Init       hd7279.o
    0x08001728   0x00000002   Code   RO          566    i.I2C1_ER_IRQHandler  stm32f10x_it.o
    0x0800172a   0x00000002   Code   RO          567    i.I2C1_EV_IRQHandler  stm32f10x_it.o
    0x0800172c   0x00000002   Code   RO          568    i.I2C2_ER_IRQHandler  stm32f10x_it.o
    0x0800172e   0x00000002   Code   RO          569    i.I2C2_EV_IRQHandler  stm32f10x_it.o
    0x08001730   0x00000002   Code   RO           21    i.KeyProm1          app.o
    0x08001732   0x00000002   Code   RO           22    i.KeyProm2          app.o
    0x08001734   0x00000002   Code   RO           23    i.KeyProm3          app.o
    0x08001736   0x00000002   Code   RO           24    i.KeyProm4          app.o
    0x08001738   0x00000002   Code   RO           25    i.KeyProm5          app.o
    0x0800173a   0x00000002   Code   RO           26    i.KeyProm6          app.o
    0x0800173c   0x00000200   Code   RO         6100    i.Key_Operation     key.o
    0x0800193c   0x00000078   Code   RO           28    i.LedBsZm_Init      app.o
    0x080019b4   0x00000018   Code   RO           29    i.LedPortSpecialInit  app.o
    0x080019cc   0x000000a0   Code   RO           30    i.Light_Control     app.o
    0x08001a6c   0x00000036   Code   RO         1601    i.MathEastAdd_Qd220  motodrive.o
    0x08001aa2   0x00000040   Code   RO         1602    i.MathEastSub_Qd220  motodrive.o
    0x08001ae2   0x00000002   PAD
    0x08001ae4   0x000000d4   Code   RO         6101    i.Menue_Date        key.o
    0x08001bb8   0x000002f0   Code   RO         6102    i.Menue_Light       key.o
    0x08001ea8   0x00000300   Code   RO         6103    i.Menue_Mastertime  key.o
    0x080021a8   0x00000788   Code   RO         6104    i.Menue_Report      key.o
    0x08002930   0x00000224   Code   RO         6105    i.Menue_Substate    key.o
    0x08002b54   0x000003d8   Code   RO         6106    i.Menue_Subtime     key.o
    0x08002f2c   0x00000090   Code   RO           40    i.Mp3Drive_Init     app.o
    0x08002fbc   0x0000007c   Code   RO           41    i.N31_pps_init      app.o
    0x08003038   0x00000074   Code   RO         2013    i.NVIC_Init         misc.o
    0x080030ac   0x00000014   Code   RO         2014    i.NVIC_PriorityGroupConfig  misc.o
    0x080030c0   0x00000002   Code   RO           42    i.NoKeyProm         app.o
    0x080030c2   0x00000028   Code   RO         5098    i.OSInit            os_core.o
    0x080030ea   0x00000002   Code   RO         4998    i.OSInitHookBegin   os_cpu_c.o
    0x080030ec   0x00000002   Code   RO         4999    i.OSInitHookEnd     os_cpu_c.o
    0x080030ee   0x00000002   PAD
    0x080030f0   0x00000024   Code   RO         5099    i.OSIntEnter        os_core.o
    0x08003114   0x00000090   Code   RO         5100    i.OSIntExit         os_core.o
    0x080031a4   0x000000b0   Code   RO         5373    i.OSMutexCreate     os_mutex.o
    0x08003254   0x00000058   Code   RO         5409    i.OSSemCreate       os_sem.o
    0x080032ac   0x00000048   Code   RO         5101    i.OSStart           os_core.o
    0x080032f4   0x0000004c   Code   RO         5102    i.OSStatInit        os_core.o
    0x08003340   0x00000002   Code   RO         5000    i.OSTCBInitHook     os_cpu_c.o
    0x08003342   0x00000002   PAD
    0x08003344   0x000000c0   Code   RO         5462    i.OSTaskCreateExt   os_task.o
    0x08003404   0x00000002   Code   RO         5001    i.OSTaskCreateHook  os_cpu_c.o
    0x08003406   0x00000002   PAD
    0x08003408   0x00000184   Code   RO         5463    i.OSTaskDel         os_task.o
    0x0800358c   0x00000002   Code   RO         5002    i.OSTaskDelHook     os_cpu_c.o
    0x0800358e   0x00000002   Code   RO         5003    i.OSTaskIdleHook    os_cpu_c.o
    0x08003590   0x000000ac   Code   RO         5466    i.OSTaskNameSet     os_task.o
    0x0800363c   0x00000002   Code   RO         5004    i.OSTaskStatHook    os_cpu_c.o
    0x0800363e   0x00000002   PAD
    0x08003640   0x000000a0   Code   RO         5468    i.OSTaskStkChk      os_task.o
    0x080036e0   0x0000009a   Code   RO         5005    i.OSTaskStkInit     os_cpu_c.o
    0x0800377a   0x00000002   Code   RO         5006    i.OSTaskSwHook      os_cpu_c.o
    0x0800377c   0x00000070   Code   RO         5522    i.OSTimeDly         os_time.o
    0x080037ec   0x000000a4   Code   RO         5523    i.OSTimeDlyHMSM     os_time.o
    0x08003890   0x000000d8   Code   RO         5103    i.OSTimeTick        os_core.o
    0x08003968   0x00000068   Code   RO         1963    i.OS_CPU_SysTickInit  bsp.o
    0x080039d0   0x00000002   Code   RO         5105    i.OS_Dummy          os_core.o
    0x080039d2   0x0000001c   Code   RO         5109    i.OS_EventWaitListInit  os_core.o
    0x080039ee   0x00000002   PAD
    0x080039f0   0x0000004c   Code   RO         5300    i.OS_FlagInit       os_flag.o
    0x08003a3c   0x00000024   Code   RO         5302    i.OS_FlagUnlink     os_flag.o
    0x08003a60   0x00000050   Code   RO         5110    i.OS_InitEventList  os_core.o
    0x08003ab0   0x0000004c   Code   RO         5111    i.OS_InitMisc       os_core.o
    0x08003afc   0x00000048   Code   RO         5112    i.OS_InitRdyList    os_core.o
    0x08003b44   0x00000068   Code   RO         5113    i.OS_InitTCBList    os_core.o
    0x08003bac   0x00000050   Code   RO         5114    i.OS_InitTaskIdle   os_core.o
    0x08003bfc   0x00000050   Code   RO         5115    i.OS_InitTaskStat   os_core.o
    0x08003c4c   0x00000012   Code   RO         5116    i.OS_MemClr         os_core.o
    0x08003c5e   0x00000002   PAD
    0x08003c60   0x00000080   Code   RO         5118    i.OS_Sched          os_core.o
    0x08003ce0   0x0000002c   Code   RO         5119    i.OS_SchedNew       os_core.o
    0x08003d0c   0x0000001c   Code   RO         5120    i.OS_StrCopy        os_core.o
    0x08003d28   0x00000014   Code   RO         5121    i.OS_StrLen         os_core.o
    0x08003d3c   0x0000012c   Code   RO         5122    i.OS_TCBInit        os_core.o
    0x08003e68   0x00000024   Code   RO         5123    i.OS_TaskIdle       os_core.o
    0x08003e8c   0x00000090   Code   RO         5124    i.OS_TaskStat       os_core.o
    0x08003f1c   0x0000003c   Code   RO         5125    i.OS_TaskStatStkChk  os_core.o
    0x08003f58   0x0000001a   Code   RO         5470    i.OS_TaskStkClr     os_task.o
    0x08003f72   0x00000002   Code   RO          572    i.PVD_IRQHandler    stm32f10x_it.o
    0x08003f74   0x00000020   Code   RO         3543    i.RCC_AHBPeriphClockCmd  stm32f10x_rcc.o
    0x08003f94   0x00000020   Code   RO         3545    i.RCC_APB1PeriphClockCmd  stm32f10x_rcc.o
    0x08003fb4   0x00000020   Code   RO         3546    i.RCC_APB1PeriphResetCmd  stm32f10x_rcc.o
    0x08003fd4   0x00000020   Code   RO         3547    i.RCC_APB2PeriphClockCmd  stm32f10x_rcc.o
    0x08003ff4   0x00000020   Code   RO         3548    i.RCC_APB2PeriphResetCmd  stm32f10x_rcc.o
    0x08004014   0x00000190   Code   RO         3555    i.RCC_GetClocksFreq  stm32f10x_rcc.o
    0x080041a4   0x00000002   Code   RO          574    i.RCC_IRQHandler    stm32f10x_it.o
    0x080041a6   0x00000002   Code   RO          575    i.RTCAlarm_IRQHandler  stm32f10x_it.o
    0x080041a8   0x00000002   Code   RO          576    i.RTC_IRQHandler    stm32f10x_it.o
    0x080041aa   0x00000002   PAD
    0x080041ac   0x000000bc   Code   RO         5675    i.RecvByteFromHd7279  hd7279.o
    0x08004268   0x00000002   Code   RO          578    i.SPI1_IRQHandler   stm32f10x_it.o
    0x0800426a   0x00000002   Code   RO          579    i.SPI2_IRQHandler   stm32f10x_it.o
    0x0800426c   0x00000002   Code   RO          580    i.SPI3_IRQHandler   stm32f10x_it.o
    0x0800426e   0x00000002   PAD
    0x08004270   0x000000a8   Code   RO         5676    i.SendByteToHd7279  hd7279.o
    0x08004318   0x00000128   Code   RO         6107    i.SetAndGet_clock_tm  key.o
    0x08004440   0x00000008   Code   RO         6670    i.SetSysClock       system_stm32f10x.o
    0x08004448   0x00000114   Code   RO         6671    i.SetSysClockTo72   system_stm32f10x.o
    0x0800455c   0x000000e0   Code   RO          582    i.SysTick_Handler   stm32f10x_it.o
    0x0800463c   0x0000006c   Code   RO         6673    i.SystemInit        system_stm32f10x.o
    0x080046a8   0x00000002   Code   RO          583    i.TAMPER_IRQHandler  stm32f10x_it.o
    0x080046aa   0x00000002   Code   RO          584    i.TIM1_BRK_IRQHandler  stm32f10x_it.o
    0x080046ac   0x00000002   Code   RO          585    i.TIM1_CC_IRQHandler  stm32f10x_it.o
    0x080046ae   0x00000002   PAD
    0x080046b0   0x00000074   Code   RO         1965    i.TIM1_Config       bsp.o
    0x08004724   0x00000002   Code   RO          586    i.TIM1_TRG_COM_IRQHandler  stm32f10x_it.o
    0x08004726   0x00000002   PAD
    0x08004728   0x000001ac   Code   RO          587    i.TIM1_UP_IRQHandler  stm32f10x_it.o
    0x080048d4   0x00000002   Code   RO          588    i.TIM2_IRQHandler   stm32f10x_it.o
    0x080048d6   0x00000002   Code   RO          589    i.TIM3_IRQHandler   stm32f10x_it.o
    0x080048d8   0x00000002   Code   RO          590    i.TIM4_IRQHandler   stm32f10x_it.o
    0x080048da   0x00000002   Code   RO          591    i.TIM5_IRQHandler   stm32f10x_it.o
    0x080048dc   0x00000002   Code   RO          592    i.TIM6_IRQHandler   stm32f10x_it.o
    0x080048de   0x00000002   Code   RO          593    i.TIM7_IRQHandler   stm32f10x_it.o
    0x080048e0   0x00000006   Code   RO         4226    i.TIM_ClearFlag     stm32f10x_tim.o
    0x080048e6   0x00000006   Code   RO         4227    i.TIM_ClearITPendingBit  stm32f10x_tim.o
    0x080048ec   0x00000018   Code   RO         4232    i.TIM_Cmd           stm32f10x_tim.o
    0x08004904   0x000001e8   Code   RO         4237    i.TIM_DeInit        stm32f10x_tim.o
    0x08004aec   0x00000022   Code   RO         4253    i.TIM_GetITStatus   stm32f10x_tim.o
    0x08004b0e   0x00000012   Code   RO         4257    i.TIM_ITConfig      stm32f10x_tim.o
    0x08004b20   0x000000a4   Code   RO         4303    i.TIM_TimeBaseInit  stm32f10x_tim.o
    0x08004bc4   0x00000328   Code   RO           49    i.Time_Notice       app.o
    0x08004eec   0x00000002   Code   RO          598    i.UART4_IRQHandler  stm32f10x_it.o
    0x08004eee   0x00000002   Code   RO          599    i.UART5_IRQHandler  stm32f10x_it.o
    0x08004ef0   0x00000094   Code   RO          600    i.USART1_IRQHandler  stm32f10x_it.o
    0x08004f84   0x0000013c   Code   RO         5548    i.USART1_Init       usart1.o
    0x080050c0   0x0000013c   Code   RO          601    i.USART2_IRQHandler  stm32f10x_it.o
    0x080051fc   0x000000bc   Code   RO         5612    i.USART2_Init       usart2.o
    0x080052b8   0x0000002c   Code   RO         5614    i.USART2_RXLoop     usart2.o
    0x080052e4   0x00000002   Code   RO          602    i.USART3_IRQHandler  stm32f10x_it.o
    0x080052e6   0x00000012   Code   RO         4764    i.USART_ClearFlag   stm32f10x_usart.o
    0x080052f8   0x00000018   Code   RO         4768    i.USART_Cmd         stm32f10x_usart.o
    0x08005310   0x00000012   Code   RO         4769    i.USART_DMACmd      stm32f10x_usart.o
    0x08005322   0x0000001a   Code   RO         4771    i.USART_GetFlagStatus  stm32f10x_usart.o
    0x0800533c   0x00000054   Code   RO         4772    i.USART_GetITStatus  stm32f10x_usart.o
    0x08005390   0x0000004a   Code   RO         4774    i.USART_ITConfig    stm32f10x_usart.o
    0x080053da   0x00000002   PAD
    0x080053dc   0x000000d8   Code   RO         4775    i.USART_Init        stm32f10x_usart.o
    0x080054b4   0x0000000a   Code   RO         4782    i.USART_ReceiveData  stm32f10x_usart.o
    0x080054be   0x00000008   Code   RO         4785    i.USART_SendData    stm32f10x_usart.o
    0x080054c6   0x00000002   Code   RO          605    i.WWDG_IRQHandler   stm32f10x_it.o
    0x080054c8   0x0000000c   Code   RO         5677    i._nop_             hd7279.o
    0x080054d4   0x00000004   Code   RO         5616    i._sys_exit         usart2.o
    0x080054d8   0x00000070   Code   RO         1669    i.ascii_check       gps.o
    0x08005548   0x0000001a   Code   RO         1775    i.checkbcc          check.o
    0x08005562   0x00000002   PAD
    0x08005564   0x00000228   Code   RO         1603    i.compare_zf        motodrive.o
    0x0800578c   0x00000044   Code   RO         1670    i.do_gps            gps.o
    0x080057d0   0x000000d0   Code   RO         5747    i.ds3231_tm_rd      ds3231.o
    0x080058a0   0x0000011c   Code   RO         5748    i.ds3231_tm_wr      ds3231.o
    0x080059bc   0x00000254   Code   RO         5795    i.get_iic_setting   iic_sw.o
    0x08005c10   0x00000064   Code   RO         5749    i.get_time          ds3231.o
    0x08005c74   0x0000018c   Code   RO         1671    i.gga               gps.o
    0x08005e00   0x00000120   Code   RO         1674    i.gps_bd2_ascii     gps.o
    0x08005f20   0x00000044   Code   RO         5796    i.iic_ack           iic_sw.o
    0x08005f64   0x00000012   Code   RO         5797    i.iic_delay         iic_sw.o
    0x08005f76   0x00000002   PAD
    0x08005f78   0x00000044   Code   RO         5798    i.iic_nack          iic_sw.o
    0x08005fbc   0x00000064   Code   RO         5799    i.iic_rd_byte       iic_sw.o
    0x08006020   0x0000005c   Code   RO         5800    i.iic_start         iic_sw.o
    0x0800607c   0x00000044   Code   RO         5801    i.iic_stop          iic_sw.o
    0x080060c0   0x00000030   Code   RO         5802    i.iic_sw_init       iic_sw.o
    0x080060f0   0x00000074   Code   RO         5803    i.iic_sw_read       iic_sw.o
    0x08006164   0x0000005c   Code   RO         5804    i.iic_sw_write      iic_sw.o
    0x080061c0   0x00000064   Code   RO         5805    i.iic_wack          iic_sw.o
    0x08006224   0x00000068   Code   RO         5806    i.iic_wr_byte       iic_sw.o
    0x0800628c   0x00000050   Code   RO           53    i.main              app.o
    0x080062dc   0x0000007c   Code   RO         1631    i.mktimev           time.o
    0x08006358   0x00000030   Code   RO         1935    i.mp3_volume        mp3.o
    0x08006388   0x00000158   Code   RO         1936    i.mp3play           mp3.o
    0x080064e0   0x000000d4   Code   RO         1813    i.pps_isr           pps.o
    0x080065b4   0x00000010   Code   RO         5679    i.read_hd7279       hd7279.o
    0x080065c4   0x00000218   Code   RO         1677    i.rmc               gps.o
    0x080067dc   0x00000040   Code   RO         1814    i.set_pps1_sig      pps.o
    0x0800681c   0x0000012c   Code   RO         1632    i.to_tm             time.o
    0x08006948   0x00000014   Code   RO         5681    i.write_hd7279      hd7279.o
    0x0800695c   0x00000030   Data   RO         1633    .constdata          time.o
    0x0800698c   0x00000015   Data   RO         1937    .constdata          mp3.o
    0x080069a1   0x00000100   Data   RO         5127    .constdata          os_core.o
    0x08006aa1   0x0000000d   Data   RO           58    .conststring        app.o
    0x08006aae   0x0000004c   Data   RO         1634    .conststring        time.o
    0x08006afa   0x00000002   PAD
    0x08006afc   0x00000020   Data   RO         7023    Region$$Table       anon$$obj.o


    Execution Region RW_IRAM1 (Base: 0x20000000, Size: 0x000051b8, Max: 0x00010000, ABSOLUTE, COMPRESSED[0x0000017c])

    Base Addr    Size         Type   Attr      Idx    E Section Name        Object

    0x20000000   0x0000014a   Data   RW           59    .data               app.o
    0x2000014a   0x00000002   PAD
    0x2000014c   0x00000041   Data   RW          607    .data               stm32f10x_it.o
    0x2000018d   0x00000001   PAD
    0x2000018e   0x0000003f   Data   RW         1604    .data               motodrive.o
    0x200001cd   0x00000003   PAD
    0x200001d0   0x0000007c   Data   RW         1635    .data               time.o
    0x2000024c   0x000000b0   Data   RW         1681    .data               gps.o
    0x200002fc   0x00000001   Data   RW         1815    .data               pps.o
    0x200002fd   0x00000001   PAD
    0x200002fe   0x00000048   Data   RW         1938    .data               mp3.o
    0x20000346   0x00000014   Data   RW         3583    .data               stm32f10x_rcc.o
    0x2000035a   0x00000002   PAD
    0x2000035c   0x0000003d   Data   RW         5128    .data               os_core.o
    0x20000399   0x00000003   PAD
    0x2000039c   0x0000000c   Data   RW         5620    .data               usart2.o
    0x200003a8   0x00000010   Data   RW         5682    .data               hd7279.o
    0x200003b8   0x0000005d   Data   RW         5898    .data               uart.o
    0x20000415   0x00000029   Data   RW         6114    .data               key.o
    0x2000043e   0x00000002   PAD
    0x20000440   0x00002758   Zero   RW           56    .bss                app.o
    0x20002b98   0x000000b0   Zero   RW         1680    .bss                gps.o
    0x20002c48   0x000010d0   Zero   RW         5126    .bss                os_core.o
    0x20003d18   0x000000b0   Zero   RW         5553    .bss                usart1.o
    0x20003dc8   0x0000000a   Zero   RW         5619    .bss                usart2.o
    0x20003dd2   0x00000782   Zero   RW         5897    .bss                uart.o
    0x20004554   0x00000060   Zero   RW         6903    .bss                c_w.l(libspace.o)
    0x200045b4   0x00000004   PAD
    0x200045b8   0x00000400   Zero   RW         6664    HEAP                startup_stm32f10x_cl.o
    0x200049b8   0x00000800   Zero   RW         6663    STACK               startup_stm32f10x_cl.o


==============================================================================

Image component sizes


      Code (inc. data)   RO Data    RW Data    ZI Data      Debug   Object Name

      4208        486         13        330      10072     275571   app.o
       220         16          0          0          0       1403   bsp.o
        26          0          0          0          0        935   check.o
       592         22          0          0          0       1769   ds3231.o
      1400         78          0        176        176       8078   gps.o
       796         28          0         16          0       6344   hd7279.o
      1470         68          0          0          0       7961   iic_sw.o
      6000        344          0         41          0      13039   key.o
       136         24          0          0          0       1787   misc.o
       670         16          0         63          0       3149   motodrive.o
       392         18         21         72          0       2364   mp3.o
      1884        350        256         61       4304      22691   os_core.o
       168         40          0          0          0        364   os_cpu_a.o
       170          0          0          0          0      14511   os_cpu_c.o
       112          8          0          0          0       9924   os_flag.o
       176         14          0          0          0       1312   os_mutex.o
        88         10          0          0          0        710   os_sem.o
       938         74          0          0          0       4969   os_task.o
       276         20          0          0          0       1528   os_time.o
       276         46          0          1          0       1053   pps.o
        30          0          0          0          0       2674   sd_driver.o
        64         26        336          0       3072        856   startup_stm32f10x_cl.o
       424          8          0          0          0       4367   stm32f10x_dma.o
       200         18          0          0          0       2428   stm32f10x_exti.o
       508         10          0          0          0       5636   stm32f10x_gpio.o
      1324        180          0         65          0      22037   stm32f10x_it.o
       560         56          0         20          0       7544   stm32f10x_rcc.o
       740        106          0          0          0       5495   stm32f10x_tim.o
       478          6          0          0          0       8050   stm32f10x_usart.o
       392         32          0          0          0       2221   system_stm32f10x.o
         0          0          0          0          0     305743   systick.o
       592         16        124        124          0       3558   time.o
         0          0          0         93       1922       3938   uart.o
       316         18          0          0        176       1783   usart1.o
       236         16          0         12         10       3707   usart2.o

    ----------------------------------------------------------------------
     25904       2154        784       1088      19732     759499   Object Totals
         0          0         32          0          0          0   (incl. Generated)
        42          0          2         14          0          0   (incl. Padding)

    ----------------------------------------------------------------------

      Code (inc. data)   RO Data    RW Data    ZI Data      Debug   Library Member Name

        90          0          0          0          0          0   __dczerorl2.o
         8          0          0          0          0         68   __main.o
        52          8          0          0          0          0   __scatter.o
        28          0          0          0          0          0   __scatter_zi.o
        12          0          0          0          0         72   exit.o
         6          0          0          0          0        152   heapauxi.o
         2          0          0          0          0          0   libinit.o
         2          0          0          0          0          0   libinit2.o
         2          0          0          0          0          0   libshutdown.o
         2          0          0          0          0          0   libshutdown2.o
         8          4          0          0         96         68   libspace.o
        68          0          0          0          0         68   rt_memclr.o
        78          0          0          0          0         80   rt_memclr_w.o
       100          0          0          0          0         80   rt_memcpy_w.o
         0          0          0          0          0          0   rtentry.o
        12          0          0          0          0          0   rtentry2.o
         6          0          0          0          0          0   rtentry4.o
         2          0          0          0          0          0   rtexit.o
        10          0          0          0          0          0   rtexit2.o
        20          0          0          0          0         68   strchr.o
        72          0          0          0          0         80   strcpy.o
        32          0          0          0          0         80   strcspn.o
        36          0          0          0          0         80   strstr.o
        74          0          0          0          0         80   sys_stackheap_outer.o
         2          0          0          0          0         68   use_no_semi.o
         2          0          0          0          0         68   use_no_semi_2.o

    ----------------------------------------------------------------------
       732         12          0          0        100       1112   Library Totals
         6          0          0          0          4          0   (incl. Padding)

    ----------------------------------------------------------------------

      Code (inc. data)   RO Data    RW Data    ZI Data      Debug   Library Name

       726         12          0          0         96       1112   c_w.l

    ----------------------------------------------------------------------
       732         12          0          0        100       1112   Library Totals

    ----------------------------------------------------------------------

==============================================================================


      Code (inc. data)   RO Data    RW Data    ZI Data      Debug   

     26636       2166        784       1088      19832     749483   Grand Totals
     26636       2166        784        380      19832     749483   ELF Image Totals (compressed)
     26636       2166        784        380          0          0   ROM Totals

==============================================================================

    Total RO  Size (Code + RO Data)                27420 (  26.78kB)
    Total RW  Size (RW Data + ZI Data)             20920 (  20.43kB)
    Total ROM Size (Code + RO Data + RW Data)      27800 (  27.15kB)

==============================================================================

